To honour the JVM settings for this build a single-use Daemon process will be forked. For more on this, please refer to https://docs.gradle.org/8.14.3/userguide/gradle_daemon.html#sec:disabling_the_daemon in the Gradle documentation.
Daemon will be stopped at the end of the build 
Configuration on demand is an incubating feature.
> Task :compileJava NO-SOURCE
> Task :adapter:adapter-out-aws-s3:processResources NO-SOURCE
> Task :adapter:adapter-out-redis:processResources NO-SOURCE
> Task :adapter:adapter-out-aws-sqs:processResources NO-SOURCE
> Task :adapter:adapter-in-rest-api:processResources NO-SOURCE
> Task :application:processResources NO-SOURCE
> Task :bootstrap:compileJava NO-SOURCE
> Task :adapter:compileJava NO-SOURCE
> Task :adapter:processResources NO-SOURCE
> Task :processResources NO-SOURCE
> Task :adapter:adapter-out-aws-s3:processTestResources NO-SOURCE
> Task :adapter:adapter-out-aws-sqs:processTestResources NO-SOURCE
> Task :bootstrap:processResources NO-SOURCE
> Task :adapter:adapter-out-aws-textract:processResources NO-SOURCE
> Task :application:processTestResources NO-SOURCE
> Task :adapter:classes UP-TO-DATE
> Task :classes UP-TO-DATE
> Task :bootstrap:classes UP-TO-DATE
> Task :adapter:adapter-out-aws-textract:processTestResources NO-SOURCE
> Task :adapter:adapter-out-metadata-extraction:processResources NO-SOURCE
> Task :adapter:adapter-out-redis:processTestResources NO-SOURCE
> Task :adapter:compileTestJava NO-SOURCE
> Task :bootstrap:compileTestJava NO-SOURCE
> Task :compileTestJava NO-SOURCE
> Task :adapter:processTestResources NO-SOURCE
> Task :processTestResources NO-SOURCE
> Task :bootstrap:processTestResources NO-SOURCE
> Task :adapter:testClasses UP-TO-DATE
> Task :bootstrap:testClasses UP-TO-DATE
> Task :testClasses UP-TO-DATE
> Task :test NO-SOURCE
> Task :adapter:test NO-SOURCE
> Task :bootstrap:test NO-SOURCE
> Task :adapter:jacocoTestReport SKIPPED
> Task :bootstrap:jacocoTestReport SKIPPED
> Task :adapter:adapter-in-rest-api:processTestResources UP-TO-DATE
> Task :adapter:adapter-out-metadata-extraction:processTestResources UP-TO-DATE
> Task :bootstrap:bootstrap-web-api:processResources UP-TO-DATE
> Task :adapter:adapter-out-persistence-jpa:processResources UP-TO-DATE
> Task :domain:compileJava UP-TO-DATE
> Task :bootstrap:bootstrap-web-api:processTestResources NO-SOURCE
> Task :domain:processResources NO-SOURCE
> Task :domain:classes UP-TO-DATE
> Task :adapter:adapter-out-persistence-jpa:processTestResources UP-TO-DATE
> Task :domain:jar UP-TO-DATE
> Task :application:compileJava UP-TO-DATE
> Task :application:classes UP-TO-DATE
> Task :application:jar UP-TO-DATE
> Task :adapter:adapter-out-aws-textract:compileJava NO-SOURCE
> Task :adapter:adapter-out-aws-textract:classes UP-TO-DATE
> Task :adapter:adapter-out-aws-textract:jar UP-TO-DATE
> Task :adapter:adapter-out-aws-textract:compileTestJava NO-SOURCE
> Task :adapter:adapter-out-aws-textract:testClasses UP-TO-DATE
> Task :adapter:adapter-out-metadata-extraction:compileJava UP-TO-DATE
> Task :adapter:adapter-out-metadata-extraction:classes UP-TO-DATE
> Task :adapter:adapter-out-aws-textract:test NO-SOURCE
> Task :adapter:adapter-out-aws-textract:jacocoTestReport SKIPPED
> Task :adapter:adapter-out-aws-textract:jacocoTestCoverageVerification SKIPPED
> Task :adapter:adapter-out-aws-s3:compileJava UP-TO-DATE
> Task :adapter:adapter-out-aws-s3:classes UP-TO-DATE
> Task :adapter:adapter-out-aws-sqs:compileJava UP-TO-DATE
> Task :adapter:adapter-out-aws-sqs:classes UP-TO-DATE
> Task :adapter:adapter-out-aws-s3:jar UP-TO-DATE
> Task :adapter:adapter-out-aws-sqs:jar UP-TO-DATE
> Task :adapter:adapter-out-redis:compileJava UP-TO-DATE
> Task :adapter:adapter-out-redis:classes UP-TO-DATE
> Task :adapter:adapter-out-metadata-extraction:compileTestJava UP-TO-DATE
> Task :adapter:adapter-out-metadata-extraction:testClasses UP-TO-DATE
> Task :adapter:adapter-out-redis:jar UP-TO-DATE
> Task :adapter:adapter-in-rest-api:compileJava UP-TO-DATE
> Task :adapter:adapter-in-rest-api:classes UP-TO-DATE
> Task :adapter:adapter-in-rest-api:jar UP-TO-DATE
> Task :adapter:adapter-out-persistence-jpa:compileJava UP-TO-DATE
> Task :adapter:adapter-out-persistence-jpa:classes UP-TO-DATE
> Task :adapter:adapter-out-persistence-jpa:jar UP-TO-DATE
> Task :adapter:adapter-out-metadata-extraction:test UP-TO-DATE
> Task :bootstrap:bootstrap-web-api:compileJava UP-TO-DATE
> Task :bootstrap:bootstrap-web-api:classes UP-TO-DATE
> Task :bootstrap:bootstrap-web-api:compileTestJava NO-SOURCE
> Task :bootstrap:bootstrap-web-api:testClasses UP-TO-DATE
> Task :bootstrap:bootstrap-web-api:test NO-SOURCE
> Task :bootstrap:bootstrap-web-api:jacocoTestReport SKIPPED
> Task :bootstrap:bootstrap-web-api:jacocoTestCoverageVerification SKIPPED
> Task :adapter:adapter-out-metadata-extraction:jacocoTestReport UP-TO-DATE
> Task :adapter:adapter-in-rest-api:compileTestJava UP-TO-DATE
> Task :adapter:adapter-in-rest-api:testClasses UP-TO-DATE

> Task :adapter:adapter-out-aws-sqs:compileTestJava FAILED
/Users/sangwon-ryu/fileflow/adapter/adapter-out-aws-sqs/src/test/java/com/ryuqq/fileflow/adapter/sqs/handler/S3UploadEventHandlerTest.java:46: error: constructor S3UploadEventHandler in class S3UploadEventHandler cannot be applied to given types;
        handler = new S3UploadEventHandler(objectMapper, uploadSessionPort, retryTemplate, circuitBreaker);
                  ^
  required: ObjectMapper,UploadSessionPort,ChecksumVerificationService,RetryTemplate,CircuitBreaker
  found:    ObjectMapper,UploadSessionPort,RetryTemplate,CircuitBreaker
  reason: actual and formal argument lists differ in length
/Users/sangwon-ryu/fileflow/adapter/adapter-out-aws-sqs/src/test/java/com/ryuqq/fileflow/adapter/sqs/listener/S3EventListenerIntegrationTest.java:135: error: constructor S3UploadEventHandler in class S3UploadEventHandler cannot be applied to given types;
        eventHandler = new S3UploadEventHandler(objectMapper, uploadSessionPort, retryTemplate, circuitBreaker);
                       ^
  required: ObjectMapper,UploadSessionPort,ChecksumVerificationService,RetryTemplate,CircuitBreaker
  found:    ObjectMapper,UploadSessionPort,RetryTemplate,CircuitBreaker
  reason: actual and formal argument lists differ in length
/Users/sangwon-ryu/fileflow/adapter/adapter-out-aws-sqs/src/test/java/com/ryuqq/fileflow/adapter/sqs/config/SqsRetryConfigTest.java:211: warning: [deprecation] isRetryableSqsError(Exception) in SqsRetryConfig has been deprecated
        boolean result = SqsRetryConfig.isRetryableSqsError(exception);
                                       ^
/Users/sangwon-ryu/fileflow/adapter/adapter-out-aws-sqs/src/test/java/com/ryuqq/fileflow/adapter/sqs/config/SqsRetryConfigTest.java:227: warning: [deprecation] isRetryableSqsError(Exception) in SqsRetryConfig has been deprecated
        boolean result = SqsRetryConfig.isRetryableSqsError(exception);
                                       ^
/Users/sangwon-ryu/fileflow/adapter/adapter-out-aws-sqs/src/test/java/com/ryuqq/fileflow/adapter/sqs/config/SqsRetryConfigTest.java:240: warning: [deprecation] isRetryableSqsError(Exception) in SqsRetryConfig has been deprecated
        boolean result = SqsRetryConfig.isRetryableSqsError(exception);
                                       ^
2 errors
3 warnings

> Task :adapter:adapter-out-redis:compileTestJava FAILED
/Users/sangwon-ryu/fileflow/adapter/adapter-out-redis/src/test/java/com/ryuqq/fileflow/adapter/redis/dto/UploadPolicyDtoTest.java:51: error: method of in class FileTypePolicies cannot be applied to given types;
        FileTypePolicies fileTypePolicies = FileTypePolicies.of(
                                                            ^
  required: ImagePolicy,VideoPolicy,HtmlPolicy,ExcelPolicy,PdfPolicy
  found:    ImagePolicy,<null>,<null>,<null>
  reason: actual and formal argument lists differ in length
/Users/sangwon-ryu/fileflow/adapter/adapter-out-redis/src/test/java/com/ryuqq/fileflow/adapter/redis/dto/UploadPolicyDtoTest.java:116: error: method of in class FileTypePolicies cannot be applied to given types;
                    FileTypePolicies.of(ImagePolicy.createDefault(), null, null, null),
                                    ^
  required: ImagePolicy,VideoPolicy,HtmlPolicy,ExcelPolicy,PdfPolicy
  found:    ImagePolicy,<null>,<null>,<null>
  reason: actual and formal argument lists differ in length
/Users/sangwon-ryu/fileflow/adapter/adapter-out-redis/src/test/java/com/ryuqq/fileflow/adapter/redis/dto/UploadPolicyDtoTest.java:147: error: method of in class FileTypePolicies cannot be applied to given types;
                    FileTypePolicies.of(ImagePolicy.createDefault(), null, null, null),
                                    ^
  required: ImagePolicy,VideoPolicy,HtmlPolicy,ExcelPolicy,PdfPolicy
  found:    ImagePolicy,<null>,<null>,<null>
  reason: actual and formal argument lists differ in length
/Users/sangwon-ryu/fileflow/adapter/adapter-out-redis/src/test/java/com/ryuqq/fileflow/adapter/redis/dto/UploadPolicyDtoTest.java:167: error: method of in class FileTypePolicies cannot be applied to given types;
                    FileTypePolicies.of(ImagePolicy.createDefault(), null, null, null),
                                    ^
  required: ImagePolicy,VideoPolicy,HtmlPolicy,ExcelPolicy,PdfPolicy
  found:    ImagePolicy,<null>,<null>,<null>
  reason: actual and formal argument lists differ in length
/Users/sangwon-ryu/fileflow/adapter/adapter-out-redis/src/test/java/com/ryuqq/fileflow/adapter/redis/dto/UploadPolicyDtoTest.java:186: error: method of in class FileTypePolicies cannot be applied to given types;
                    FileTypePolicies.of(ImagePolicy.createDefault(), null, null, null),
                                    ^
  required: ImagePolicy,VideoPolicy,HtmlPolicy,ExcelPolicy,PdfPolicy
  found:    ImagePolicy,<null>,<null>,<null>
  reason: actual and formal argument lists differ in length
/Users/sangwon-ryu/fileflow/adapter/adapter-out-redis/src/test/java/com/ryuqq/fileflow/adapter/redis/dto/UploadPolicyDtoTest.java:302: error: method of in class FileTypePolicies cannot be applied to given types;
                    FileTypePolicies.of(ImagePolicy.createDefault(), null, null, null),
                                    ^
  required: ImagePolicy,VideoPolicy,HtmlPolicy,ExcelPolicy,PdfPolicy
  found:    ImagePolicy,<null>,<null>,<null>
  reason: actual and formal argument lists differ in length
/Users/sangwon-ryu/fileflow/adapter/adapter-out-redis/src/test/java/com/ryuqq/fileflow/adapter/redis/dto/UploadPolicyDtoTest.java:311: error: method of in class FileTypePolicies cannot be applied to given types;
                    FileTypePolicies.of(ImagePolicy.createDefault(), null, null, null),
                                    ^
  required: ImagePolicy,VideoPolicy,HtmlPolicy,ExcelPolicy,PdfPolicy
  found:    ImagePolicy,<null>,<null>,<null>
  reason: actual and formal argument lists differ in length
/Users/sangwon-ryu/fileflow/adapter/adapter-out-redis/src/test/java/com/ryuqq/fileflow/adapter/redis/dto/UploadPolicyDtoTest.java:355: error: method of in class FileTypePolicies cannot be applied to given types;
                    FileTypePolicies.of(ImagePolicy.createDefault(), null, null, null),
                                    ^
  required: ImagePolicy,VideoPolicy,HtmlPolicy,ExcelPolicy,PdfPolicy
  found:    ImagePolicy,<null>,<null>,<null>
  reason: actual and formal argument lists differ in length
/Users/sangwon-ryu/fileflow/adapter/adapter-out-redis/src/test/java/com/ryuqq/fileflow/adapter/redis/dto/UploadPolicyDtoTest.java:373: error: method of in class FileTypePolicies cannot be applied to given types;
                    FileTypePolicies.of(ImagePolicy.createDefault(), null, null, null),
                                    ^
  required: ImagePolicy,VideoPolicy,HtmlPolicy,ExcelPolicy,PdfPolicy
  found:    ImagePolicy,<null>,<null>,<null>
  reason: actual and formal argument lists differ in length
/Users/sangwon-ryu/fileflow/adapter/adapter-out-redis/src/test/java/com/ryuqq/fileflow/adapter/redis/listener/DistributedLockConcurrencyTest.java:97: warning: [removal] MockBean in org.springframework.boot.test.mock.mockito has been deprecated and marked for removal
    @MockBean
     ^
/Users/sangwon-ryu/fileflow/adapter/adapter-out-redis/src/test/java/com/ryuqq/fileflow/adapter/redis/listener/UploadSessionExpirationListenerIntegrationTest.java:103: warning: [removal] MockBean in org.springframework.boot.test.mock.mockito has been deprecated and marked for removal
    @MockBean
     ^
/Users/sangwon-ryu/fileflow/adapter/adapter-out-redis/src/test/java/com/ryuqq/fileflow/adapter/redis/adapter/RedisPolicyCacheAdapterTest.java:94: error: method of in class FileTypePolicies cannot be applied to given types;
        FileTypePolicies fileTypePolicies = FileTypePolicies.of(
                                                            ^
  required: ImagePolicy,VideoPolicy,HtmlPolicy,ExcelPolicy,PdfPolicy
  found:    ImagePolicy,<null>,<null>,<null>
  reason: actual and formal argument lists differ in length
/Users/sangwon-ryu/fileflow/adapter/adapter-out-redis/src/test/java/com/ryuqq/fileflow/adapter/redis/adapter/RedisPolicyCacheAdapterTest.java:234: error: method of in class FileTypePolicies cannot be applied to given types;
        FileTypePolicies fileTypePolicies = FileTypePolicies.of(
                                                            ^
  required: ImagePolicy,VideoPolicy,HtmlPolicy,ExcelPolicy,PdfPolicy
  found:    ImagePolicy,<null>,<null>,<null>
  reason: actual and formal argument lists differ in length
11 errors
2 warnings

> Task :adapter:adapter-out-persistence-jpa:compileTestJava FAILED
/Users/sangwon-ryu/fileflow/adapter/adapter-out-persistence-jpa/src/test/java/com/ryuqq/fileflow/adapter/persistence/entity/UploadSessionEntityTest.java:29: error: cannot find symbol
        UploadSessionEntity.UploadStatus status = UploadSessionEntity.UploadStatus.INITIATED;
                           ^
  symbol:   class UploadStatus
  location: class UploadSessionEntity
/Users/sangwon-ryu/fileflow/adapter/adapter-out-persistence-jpa/src/test/java/com/ryuqq/fileflow/adapter/persistence/entity/UploadSessionEntityTest.java:29: error: cannot find symbol
        UploadSessionEntity.UploadStatus status = UploadSessionEntity.UploadStatus.INITIATED;
                                                                     ^
  symbol:   variable UploadStatus
  location: class UploadSessionEntity
/Users/sangwon-ryu/fileflow/adapter/adapter-out-persistence-jpa/src/test/java/com/ryuqq/fileflow/adapter/persistence/entity/UploadSessionEntityTest.java:67: error: cannot find symbol
        entity.startUpload(s3Key);
              ^
  symbol:   method startUpload(String)
  location: variable entity of type UploadSessionEntity
/Users/sangwon-ryu/fileflow/adapter/adapter-out-persistence-jpa/src/test/java/com/ryuqq/fileflow/adapter/persistence/entity/UploadSessionEntityTest.java:70: error: cannot find symbol
        assertThat(entity.getStatus()).isEqualTo(UploadSessionEntity.UploadStatus.IN_PROGRESS);
                                                                    ^
  symbol:   variable UploadStatus
  location: class UploadSessionEntity
/Users/sangwon-ryu/fileflow/adapter/adapter-out-persistence-jpa/src/test/java/com/ryuqq/fileflow/adapter/persistence/entity/UploadSessionEntityTest.java:80: error: cannot find symbol
        entity.startUpload("tenant/b2c/uploads/test.jpg");
              ^
  symbol:   method startUpload(String)
  location: variable entity of type UploadSessionEntity
/Users/sangwon-ryu/fileflow/adapter/adapter-out-persistence-jpa/src/test/java/com/ryuqq/fileflow/adapter/persistence/entity/UploadSessionEntityTest.java:83: error: cannot find symbol
        entity.completeUpload();
              ^
  symbol:   method completeUpload()
  location: variable entity of type UploadSessionEntity
/Users/sangwon-ryu/fileflow/adapter/adapter-out-persistence-jpa/src/test/java/com/ryuqq/fileflow/adapter/persistence/entity/UploadSessionEntityTest.java:86: error: cannot find symbol
        assertThat(entity.getStatus()).isEqualTo(UploadSessionEntity.UploadStatus.COMPLETED);
                                                                    ^
  symbol:   variable UploadStatus
  location: class UploadSessionEntity
/Users/sangwon-ryu/fileflow/adapter/adapter-out-persistence-jpa/src/test/java/com/ryuqq/fileflow/adapter/persistence/entity/UploadSessionEntityTest.java:95: error: cannot find symbol
        entity.startUpload("tenant/b2c/uploads/test.jpg");
              ^
  symbol:   method startUpload(String)
  location: variable entity of type UploadSessionEntity
/Users/sangwon-ryu/fileflow/adapter/adapter-out-persistence-jpa/src/test/java/com/ryuqq/fileflow/adapter/persistence/entity/UploadSessionEntityTest.java:98: error: cannot find symbol
        entity.failUpload();
              ^
  symbol:   method failUpload()
  location: variable entity of type UploadSessionEntity
/Users/sangwon-ryu/fileflow/adapter/adapter-out-persistence-jpa/src/test/java/com/ryuqq/fileflow/adapter/persistence/entity/UploadSessionEntityTest.java:101: error: cannot find symbol
        assertThat(entity.getStatus()).isEqualTo(UploadSessionEntity.UploadStatus.FAILED);
                                                                    ^
  symbol:   variable UploadStatus
  location: class UploadSessionEntity
/Users/sangwon-ryu/fileflow/adapter/adapter-out-persistence-jpa/src/test/java/com/ryuqq/fileflow/adapter/persistence/entity/UploadSessionEntityTest.java:111: error: cannot find symbol
        entity.expireSession();
              ^
  symbol:   method expireSession()
  location: variable entity of type UploadSessionEntity
/Users/sangwon-ryu/fileflow/adapter/adapter-out-persistence-jpa/src/test/java/com/ryuqq/fileflow/adapter/persistence/entity/UploadSessionEntityTest.java:114: error: cannot find symbol
        assertThat(entity.getStatus()).isEqualTo(UploadSessionEntity.UploadStatus.EXPIRED);
                                                                    ^
  symbol:   variable UploadStatus
  location: class UploadSessionEntity
/Users/sangwon-ryu/fileflow/adapter/adapter-out-persistence-jpa/src/test/java/com/ryuqq/fileflow/adapter/persistence/entity/UploadSessionEntityTest.java:129: error: cannot find symbol
                UploadSessionEntity.UploadStatus.INITIATED,
                                   ^
  symbol:   variable UploadStatus
  location: class UploadSessionEntity
/Users/sangwon-ryu/fileflow/adapter/adapter-out-persistence-jpa/src/test/java/com/ryuqq/fileflow/adapter/persistence/entity/UploadSessionEntityTest.java:135: error: cannot find symbol
        boolean expired = entity.isExpired();
                                ^
  symbol:   method isExpired()
  location: variable entity of type UploadSessionEntity
/Users/sangwon-ryu/fileflow/adapter/adapter-out-persistence-jpa/src/test/java/com/ryuqq/fileflow/adapter/persistence/entity/UploadSessionEntityTest.java:153: error: cannot find symbol
                UploadSessionEntity.UploadStatus.INITIATED,
                                   ^
  symbol:   variable UploadStatus
  location: class UploadSessionEntity
/Users/sangwon-ryu/fileflow/adapter/adapter-out-persistence-jpa/src/test/java/com/ryuqq/fileflow/adapter/persistence/entity/UploadSessionEntityTest.java:159: error: cannot find symbol
        boolean expired = entity.isExpired();
                                ^
  symbol:   method isExpired()
  location: variable entity of type UploadSessionEntity
/Users/sangwon-ryu/fileflow/adapter/adapter-out-persistence-jpa/src/test/java/com/ryuqq/fileflow/adapter/persistence/entity/UploadSessionEntityTest.java:170: error: cannot find symbol
        entity.startUpload("tenant/b2c/uploads/test.jpg");
              ^
  symbol:   method startUpload(String)
  location: variable entity of type UploadSessionEntity
/Users/sangwon-ryu/fileflow/adapter/adapter-out-persistence-jpa/src/test/java/com/ryuqq/fileflow/adapter/persistence/entity/UploadSessionEntityTest.java:171: error: cannot find symbol
        entity.completeUpload();
              ^
  symbol:   method completeUpload()
  location: variable entity of type UploadSessionEntity
/Users/sangwon-ryu/fileflow/adapter/adapter-out-persistence-jpa/src/test/java/com/ryuqq/fileflow/adapter/persistence/entity/UploadSessionEntityTest.java:174: error: cannot find symbol
        boolean completed = entity.isCompleted();
                                  ^
  symbol:   method isCompleted()
  location: variable entity of type UploadSessionEntity
/Users/sangwon-ryu/fileflow/adapter/adapter-out-persistence-jpa/src/test/java/com/ryuqq/fileflow/adapter/persistence/entity/UploadSessionEntityTest.java:187: error: cannot find symbol
        boolean completed = entity.isCompleted();
                                  ^
  symbol:   method isCompleted()
  location: variable entity of type UploadSessionEntity
/Users/sangwon-ryu/fileflow/adapter/adapter-out-persistence-jpa/src/test/java/com/ryuqq/fileflow/adapter/persistence/entity/UploadSessionEntityTest.java:228: error: cannot find symbol
                UploadSessionEntity.UploadStatus.INITIATED,
                                   ^
  symbol:   variable UploadStatus
  location: class UploadSessionEntity
/Users/sangwon-ryu/fileflow/adapter/adapter-out-persistence-jpa/src/test/java/com/ryuqq/fileflow/adapter/persistence/entity/UploadSessionEntityTest.java:227: error: incompatible types: long cannot be converted to String
                1024L,
                ^
/Users/sangwon-ryu/fileflow/adapter/adapter-out-persistence-jpa/src/test/java/com/ryuqq/fileflow/adapter/persistence/mapper/MultipartUploadInfoJsonTest.java:61: error: cannot find symbol
                FileType.VIDEO_MP4,
                        ^
  symbol:   variable VIDEO_MP4
  location: class FileType
/Users/sangwon-ryu/fileflow/adapter/adapter-out-persistence-jpa/src/test/java/com/ryuqq/fileflow/adapter/persistence/mapper/MultipartUploadInfoJsonTest.java:76: error: incompatible types: String cannot be converted to UploadStatus
                "UPLOADING",
                ^
/Users/sangwon-ryu/fileflow/adapter/adapter-out-persistence-jpa/src/test/java/com/ryuqq/fileflow/adapter/persistence/mapper/MultipartUploadInfoJsonTest.java:83: error: method toEntity in class UploadSessionMapper cannot be applied to given types;
        UploadSessionEntity entity = mapper.toEntity(originalSession, "tenant-id");
                                           ^
  required: UploadSession,String,String
  found:    UploadSession,String
  reason: actual and formal argument lists differ in length
/Users/sangwon-ryu/fileflow/adapter/adapter-out-persistence-jpa/src/test/java/com/ryuqq/fileflow/adapter/persistence/adapter/UploadPolicyPersistenceAdapterTest.java:77: error: method of in class FileTypePolicies cannot be applied to given types;
        FileTypePolicies fileTypePolicies = FileTypePolicies.of(
                                                            ^
  required: ImagePolicy,VideoPolicy,HtmlPolicy,ExcelPolicy,PdfPolicy
  found:    ImagePolicy,<null>,<null>,<null>
  reason: actual and formal argument lists differ in length
/Users/sangwon-ryu/fileflow/adapter/adapter-out-persistence-jpa/src/test/java/com/ryuqq/fileflow/adapter/persistence/adapter/UploadPolicyPersistenceAdapterTest.java:155: error: method of in class FileTypePolicies cannot be applied to given types;
        FileTypePolicies newPolicies = FileTypePolicies.of(
                                                       ^
  required: ImagePolicy,VideoPolicy,HtmlPolicy,ExcelPolicy,PdfPolicy
  found:    ImagePolicy,HtmlPolicy,<null>,<null>
  reason: actual and formal argument lists differ in length
/Users/sangwon-ryu/fileflow/adapter/adapter-out-persistence-jpa/src/test/java/com/ryuqq/fileflow/adapter/persistence/adapter/UploadPolicyPersistenceAdapterTest.java:157: error: incompatible types: HtmlPolicy cannot be converted to VideoPolicy
                new HtmlPolicy(20, 1000, true),
                ^
/Users/sangwon-ryu/fileflow/adapter/adapter-out-persistence-jpa/src/test/java/com/ryuqq/fileflow/adapter/persistence/adapter/UploadPolicyPersistenceAdapterTest.java:229: error: method of in class FileTypePolicies cannot be applied to given types;
        FileTypePolicies complexPolicies = FileTypePolicies.of(
                                                           ^
  required: ImagePolicy,VideoPolicy,HtmlPolicy,ExcelPolicy,PdfPolicy
  found:    ImagePolicy,HtmlPolicy,ExcelPolicy,PdfPolicy
  reason: actual and formal argument lists differ in length
Note: Some messages have been simplified; recompile with -Xdiags:verbose to get full output
29 errors

> Task :adapter:adapter-out-aws-s3:compileTestJava FAILED
/Users/sangwon-ryu/fileflow/adapter/adapter-out-aws-s3/src/test/java/com/ryuqq/fileflow/adapter/s3/config/S3RetryConfigTest.java:212: warning: [deprecation] isRetryableS3Error(Exception) in S3RetryConfig has been deprecated
        boolean result = S3RetryConfig.isRetryableS3Error(exception);
                                      ^
/Users/sangwon-ryu/fileflow/adapter/adapter-out-aws-s3/src/test/java/com/ryuqq/fileflow/adapter/s3/config/S3RetryConfigTest.java:228: warning: [deprecation] isRetryableS3Error(Exception) in S3RetryConfig has been deprecated
        boolean result = S3RetryConfig.isRetryableS3Error(exception);
                                      ^
/Users/sangwon-ryu/fileflow/adapter/adapter-out-aws-s3/src/test/java/com/ryuqq/fileflow/adapter/s3/config/S3RetryConfigTest.java:241: warning: [deprecation] isRetryableS3Error(Exception) in S3RetryConfig has been deprecated
        boolean result = S3RetryConfig.isRetryableS3Error(exception);
                                      ^
/Users/sangwon-ryu/fileflow/adapter/adapter-out-aws-s3/src/test/java/com/ryuqq/fileflow/adapter/s3/config/S3PropertiesTest.java:24: error: constructor S3Properties in class S3Properties cannot be applied to given types;
        S3Properties properties = new S3Properties(
                                  ^
  required: String,String,String,long,String,int,long,long
  found:    String,String,long,String,int,long,long
  reason: actual and formal argument lists differ in length
/Users/sangwon-ryu/fileflow/adapter/adapter-out-aws-s3/src/test/java/com/ryuqq/fileflow/adapter/s3/config/S3PropertiesTest.java:45: error: constructor S3Properties in class S3Properties cannot be applied to given types;
        S3Properties properties = new S3Properties(
                                  ^
  required: String,String,String,long,String,int,long,long
  found:    String,String,long,String,int,long,long
  reason: actual and formal argument lists differ in length
/Users/sangwon-ryu/fileflow/adapter/adapter-out-aws-s3/src/test/java/com/ryuqq/fileflow/adapter/s3/config/S3PropertiesTest.java:63: error: constructor S3Properties in class S3Properties cannot be applied to given types;
        S3Properties properties = new S3Properties(
                                  ^
  required: String,String,String,long,String,int,long,long
  found:    String,String,long,<null>,int,long,long
  reason: actual and formal argument lists differ in length
/Users/sangwon-ryu/fileflow/adapter/adapter-out-aws-s3/src/test/java/com/ryuqq/fileflow/adapter/s3/config/S3PropertiesTest.java:81: error: constructor S3Properties in class S3Properties cannot be applied to given types;
        S3Properties properties = new S3Properties(
                                  ^
  required: String,String,String,long,String,int,long,long
  found:    String,String,long,String,int,long,long
  reason: actual and formal argument lists differ in length
/Users/sangwon-ryu/fileflow/adapter/adapter-out-aws-s3/src/test/java/com/ryuqq/fileflow/adapter/s3/config/S3PropertiesTest.java:99: error: constructor S3Properties in class S3Properties cannot be applied to given types;
        assertThatThrownBy(() -> new S3Properties(
                                 ^
  required: String,String,String,long,String,int,long,long
  found:    <null>,String,long,String,int,long,long
  reason: actual and formal argument lists differ in length
/Users/sangwon-ryu/fileflow/adapter/adapter-out-aws-s3/src/test/java/com/ryuqq/fileflow/adapter/s3/config/S3PropertiesTest.java:116: error: constructor S3Properties in class S3Properties cannot be applied to given types;
        assertThatThrownBy(() -> new S3Properties(
                                 ^
  required: String,String,String,long,String,int,long,long
  found:    String,String,long,String,int,long,long
  reason: actual and formal argument lists differ in length
/Users/sangwon-ryu/fileflow/adapter/adapter-out-aws-s3/src/test/java/com/ryuqq/fileflow/adapter/s3/config/S3PropertiesTest.java:133: error: constructor S3Properties in class S3Properties cannot be applied to given types;
        assertThatThrownBy(() -> new S3Properties(
                                 ^
  required: String,String,String,long,String,int,long,long
  found:    String,<null>,long,String,int,long,long
  reason: actual and formal argument lists differ in length
/Users/sangwon-ryu/fileflow/adapter/adapter-out-aws-s3/src/test/java/com/ryuqq/fileflow/adapter/s3/config/S3PropertiesTest.java:150: error: constructor S3Properties in class S3Properties cannot be applied to given types;
        assertThatThrownBy(() -> new S3Properties(
                                 ^
  required: String,String,String,long,String,int,long,long
  found:    String,String,long,String,int,long,long
  reason: actual and formal argument lists differ in length
/Users/sangwon-ryu/fileflow/adapter/adapter-out-aws-s3/src/test/java/com/ryuqq/fileflow/adapter/s3/config/S3PropertiesTest.java:167: error: constructor S3Properties in class S3Properties cannot be applied to given types;
        assertThatThrownBy(() -> new S3Properties(
                                 ^
  required: String,String,String,long,String,int,long,long
  found:    String,String,long,String,int,long,long
  reason: actual and formal argument lists differ in length
/Users/sangwon-ryu/fileflow/adapter/adapter-out-aws-s3/src/test/java/com/ryuqq/fileflow/adapter/s3/config/S3PropertiesTest.java:179: error: constructor S3Properties in class S3Properties cannot be applied to given types;
        assertThatThrownBy(() -> new S3Properties(
                                 ^
  required: String,String,String,long,String,int,long,long
  found:    String,String,long,String,int,long,long
  reason: actual and formal argument lists differ in length
/Users/sangwon-ryu/fileflow/adapter/adapter-out-aws-s3/src/test/java/com/ryuqq/fileflow/adapter/s3/config/S3PropertiesTest.java:196: error: constructor S3Properties in class S3Properties cannot be applied to given types;
        assertThatThrownBy(() -> new S3Properties(
                                 ^
  required: String,String,String,long,String,int,long,long
  found:    String,String,long,String,int,long,long
  reason: actual and formal argument lists differ in length
/Users/sangwon-ryu/fileflow/adapter/adapter-out-aws-s3/src/test/java/com/ryuqq/fileflow/adapter/s3/config/S3PropertiesTest.java:213: error: constructor S3Properties in class S3Properties cannot be applied to given types;
        S3Properties properties1 = new S3Properties(
                                   ^
  required: String,String,String,long,String,int,long,long
  found:    String,String,long,String,int,long,long
  reason: actual and formal argument lists differ in length
/Users/sangwon-ryu/fileflow/adapter/adapter-out-aws-s3/src/test/java/com/ryuqq/fileflow/adapter/s3/config/S3PropertiesTest.java:225: error: constructor S3Properties in class S3Properties cannot be applied to given types;
        S3Properties properties60 = new S3Properties(
                                    ^
  required: String,String,String,long,String,int,long,long
  found:    String,String,long,String,int,long,long
  reason: actual and formal argument lists differ in length
/Users/sangwon-ryu/fileflow/adapter/adapter-out-aws-s3/src/test/java/com/ryuqq/fileflow/adapter/s3/adapter/S3MultipartAdapterTest.java:71: error: constructor S3Properties in class S3Properties cannot be applied to given types;
        s3Properties = new S3Properties(
                       ^
  required: String,String,String,long,String,int,long,long
  found:    String,String,long,String,int,long,long
  reason: actual and formal argument lists differ in length
/Users/sangwon-ryu/fileflow/adapter/adapter-out-aws-s3/src/test/java/com/ryuqq/fileflow/adapter/s3/adapter/S3MultipartAdapterTest.java:613: error: constructor S3Properties in class S3Properties cannot be applied to given types;
            S3Properties propertiesWithoutPrefix = new S3Properties(
                                                   ^
  required: String,String,String,long,String,int,long,long
  found:    String,String,long,String,int,long,long
  reason: actual and formal argument lists differ in length
/Users/sangwon-ryu/fileflow/adapter/adapter-out-aws-s3/src/test/java/com/ryuqq/fileflow/adapter/s3/adapter/S3PresignedUrlAdapterTest.java:58: error: constructor S3Properties in class S3Properties cannot be applied to given types;
        s3Properties = new S3Properties(
                       ^
  required: String,String,String,long,String,int,long,long
  found:    String,String,long,String,int,long,long
  reason: actual and formal argument lists differ in length
/Users/sangwon-ryu/fileflow/adapter/adapter-out-aws-s3/src/test/java/com/ryuqq/fileflow/adapter/s3/adapter/S3PresignedUrlAdapterTest.java:75: warning: [deprecation] URL(String) in URL has been deprecated
        URL mockUrl = new URL("https://test-bucket.s3.ap-northeast-2.amazonaws.com/uploads/user123/uuid/test.jpg?signature=xxx");
                      ^
/Users/sangwon-ryu/fileflow/adapter/adapter-out-aws-s3/src/test/java/com/ryuqq/fileflow/adapter/s3/adapter/S3PresignedUrlAdapterTest.java:102: error: constructor S3Properties in class S3Properties cannot be applied to given types;
        S3Properties propertiesWithoutPrefix = new S3Properties(
                                               ^
  required: String,String,String,long,String,int,long,long
  found:    String,String,long,String,int,long,long
  reason: actual and formal argument lists differ in length
/Users/sangwon-ryu/fileflow/adapter/adapter-out-aws-s3/src/test/java/com/ryuqq/fileflow/adapter/s3/adapter/S3PresignedUrlAdapterTest.java:114: warning: [deprecation] URL(String) in URL has been deprecated
        URL mockUrl = new URL("https://test-bucket.s3.ap-northeast-2.amazonaws.com/user123/uuid/test.jpg?signature=xxx");
                      ^
/Users/sangwon-ryu/fileflow/adapter/adapter-out-aws-s3/src/test/java/com/ryuqq/fileflow/adapter/s3/adapter/S3PresignedUrlAdapterTest.java:136: warning: [deprecation] URL(String) in URL has been deprecated
        URL mockUrl = new URL("https://test-bucket.s3.ap-northeast-2.amazonaws.com/test.jpg");
                      ^
/Users/sangwon-ryu/fileflow/adapter/adapter-out-aws-s3/src/test/java/com/ryuqq/fileflow/adapter/s3/adapter/S3PresignedUrlAdapterTest.java:191: warning: [deprecation] URL(String) in URL has been deprecated
        URL mockUrl = new URL("https://test-bucket.s3.ap-northeast-2.amazonaws.com/test.jpg");
                      ^
/Users/sangwon-ryu/fileflow/adapter/adapter-out-aws-s3/src/test/java/com/ryuqq/fileflow/adapter/s3/adapter/S3PresignedUrlAdapterIntegrationTest.java:103: error: constructor S3Properties in class S3Properties cannot be applied to given types;
        S3Properties properties = new S3Properties(
                                  ^
  required: String,String,String,long,String,int,long,long
  found:    String,String,long,String,int,long,long
  reason: actual and formal argument lists differ in length
/Users/sangwon-ryu/fileflow/adapter/adapter-out-aws-s3/src/test/java/com/ryuqq/fileflow/adapter/s3/adapter/S3PresignedUrlAdapterIntegrationTest.java:242: warning: [deprecation] URL(String) in URL has been deprecated
        URL url = new URL(presignedUrl);
                  ^
/Users/sangwon-ryu/fileflow/adapter/adapter-out-aws-s3/src/test/java/com/ryuqq/fileflow/adapter/s3/adapter/S3MultipartAdapterIntegrationTest.java:110: error: constructor S3Properties in class S3Properties cannot be applied to given types;
        S3Properties properties = new S3Properties(
                                  ^
  required: String,String,String,long,String,int,long,long
  found:    String,String,long,String,int,long,long
  reason: actual and formal argument lists differ in length
19 errors
8 warnings

> Task :application:compileTestJava FAILED
/Users/sangwon-ryu/fileflow/application/src/test/java/com/ryuqq/fileflow/application/config/MetricsRetryListenerTest.java:32: warning: [unchecked] unchecked conversion
        retryCallback = mock(RetryCallback.class);
                            ^
  required: RetryCallback<Object,Throwable>
  found:    RetryCallback
/Users/sangwon-ryu/fileflow/application/src/test/java/com/ryuqq/fileflow/application/policy/service/UpdateUploadPolicyServiceTest.java:52: error: method of in class FileTypePolicies cannot be applied to given types;
                FileTypePolicies.of(ImagePolicy.createDefault(), null, null, null),
                                ^
  required: ImagePolicy,VideoPolicy,HtmlPolicy,ExcelPolicy,PdfPolicy
  found:    ImagePolicy,<null>,<null>,<null>
  reason: actual and formal argument lists differ in length
/Users/sangwon-ryu/fileflow/application/src/test/java/com/ryuqq/fileflow/application/policy/service/UpdateUploadPolicyServiceTest.java:59: error: constructor UpdateUploadPolicyCommand in record UpdateUploadPolicyCommand cannot be applied to given types;
        UpdateUploadPolicyCommand command = new UpdateUploadPolicyCommand(
                                            ^
  required: PolicyKeyDto,ImagePolicy,VideoPolicy,HtmlPolicy,ExcelPolicy,PdfPolicy,String
  found:    PolicyKeyDto,ImagePolicy,<null>,<null>,<null>,String
  reason: actual and formal argument lists differ in length
/Users/sangwon-ryu/fileflow/application/src/test/java/com/ryuqq/fileflow/application/policy/service/UpdateUploadPolicyServiceTest.java:81: error: constructor UpdateUploadPolicyCommand in record UpdateUploadPolicyCommand cannot be applied to given types;
        UpdateUploadPolicyCommand command = new UpdateUploadPolicyCommand(
                                            ^
  required: PolicyKeyDto,ImagePolicy,VideoPolicy,HtmlPolicy,ExcelPolicy,PdfPolicy,String
  found:    PolicyKeyDto,ImagePolicy,<null>,<null>,<null>,String
  reason: actual and formal argument lists differ in length
/Users/sangwon-ryu/fileflow/application/src/test/java/com/ryuqq/fileflow/application/policy/service/ActivateUploadPolicyServiceTest.java:51: error: method of in class FileTypePolicies cannot be applied to given types;
                FileTypePolicies.of(ImagePolicy.createDefault(), null, null, null),
                                ^
  required: ImagePolicy,VideoPolicy,HtmlPolicy,ExcelPolicy,PdfPolicy
  found:    ImagePolicy,<null>,<null>,<null>
  reason: actual and formal argument lists differ in length
/Users/sangwon-ryu/fileflow/application/src/test/java/com/ryuqq/fileflow/application/policy/service/ActivateUploadPolicyServiceTest.java:85: error: method of in class FileTypePolicies cannot be applied to given types;
                FileTypePolicies.of(ImagePolicy.createDefault(), null, null, null),
                                ^
  required: ImagePolicy,VideoPolicy,HtmlPolicy,ExcelPolicy,PdfPolicy
  found:    ImagePolicy,<null>,<null>,<null>
  reason: actual and formal argument lists differ in length
/Users/sangwon-ryu/fileflow/application/src/test/java/com/ryuqq/fileflow/application/policy/service/UploadPolicyValidationServiceTest.java:352: error: method of in class FileTypePolicies cannot be applied to given types;
                FileTypePolicies.of(imagePolicy, null, null, null),
                                ^
  required: ImagePolicy,VideoPolicy,HtmlPolicy,ExcelPolicy,PdfPolicy
  found:    ImagePolicy,<null>,<null>,<null>
  reason: actual and formal argument lists differ in length
/Users/sangwon-ryu/fileflow/application/src/test/java/com/ryuqq/fileflow/application/policy/service/UploadPolicyValidationServiceTest.java:366: error: method of in class FileTypePolicies cannot be applied to given types;
                FileTypePolicies.of(imagePolicy, null, null, null),
                                ^
  required: ImagePolicy,VideoPolicy,HtmlPolicy,ExcelPolicy,PdfPolicy
  found:    ImagePolicy,<null>,<null>,<null>
  reason: actual and formal argument lists differ in length
/Users/sangwon-ryu/fileflow/application/src/test/java/com/ryuqq/fileflow/application/policy/service/CreateUploadPolicyServiceTest.java:49: error: constructor CreateUploadPolicyCommand in record CreateUploadPolicyCommand cannot be applied to given types;
        CreateUploadPolicyCommand command = new CreateUploadPolicyCommand(
                                            ^
  required: PolicyKeyDto,ImagePolicy,VideoPolicy,HtmlPolicy,ExcelPolicy,PdfPolicy,int,int,LocalDateTime,LocalDateTime
  found:    PolicyKeyDto,ImagePolicy,<null>,<null>,<null>,int,int,LocalDateTime,LocalDateTime
  reason: actual and formal argument lists differ in length
/Users/sangwon-ryu/fileflow/application/src/test/java/com/ryuqq/fileflow/application/policy/service/CreateUploadPolicyServiceTest.java:82: error: method of in class FileTypePolicies cannot be applied to given types;
                FileTypePolicies.of(imagePolicy, null, null, null),
                                ^
  required: ImagePolicy,VideoPolicy,HtmlPolicy,ExcelPolicy,PdfPolicy
  found:    ImagePolicy,<null>,<null>,<null>
  reason: actual and formal argument lists differ in length
/Users/sangwon-ryu/fileflow/application/src/test/java/com/ryuqq/fileflow/application/policy/service/CreateUploadPolicyServiceTest.java:89: error: constructor CreateUploadPolicyCommand in record CreateUploadPolicyCommand cannot be applied to given types;
        CreateUploadPolicyCommand command = new CreateUploadPolicyCommand(
                                            ^
  required: PolicyKeyDto,ImagePolicy,VideoPolicy,HtmlPolicy,ExcelPolicy,PdfPolicy,int,int,LocalDateTime,LocalDateTime
  found:    PolicyKeyDto,ImagePolicy,<null>,<null>,<null>,int,int,LocalDateTime,LocalDateTime
  reason: actual and formal argument lists differ in length
/Users/sangwon-ryu/fileflow/application/src/test/java/com/ryuqq/fileflow/application/policy/service/GetUploadPolicyServiceTest.java:49: error: method of in class FileTypePolicies cannot be applied to given types;
                FileTypePolicies.of(ImagePolicy.createDefault(), null, null, null),
                                ^
  required: ImagePolicy,VideoPolicy,HtmlPolicy,ExcelPolicy,PdfPolicy
  found:    ImagePolicy,<null>,<null>,<null>
  reason: actual and formal argument lists differ in length
/Users/sangwon-ryu/fileflow/application/src/test/java/com/ryuqq/fileflow/application/policy/service/GetUploadPolicyServiceTest.java:83: error: method of in class FileTypePolicies cannot be applied to given types;
                FileTypePolicies.of(ImagePolicy.createDefault(), null, null, null),
                                ^
  required: ImagePolicy,VideoPolicy,HtmlPolicy,ExcelPolicy,PdfPolicy
  found:    ImagePolicy,<null>,<null>,<null>
  reason: actual and formal argument lists differ in length
/Users/sangwon-ryu/fileflow/application/src/test/java/com/ryuqq/fileflow/application/policy/service/GetUploadPolicyServiceTest.java:113: error: method of in class FileTypePolicies cannot be applied to given types;
                FileTypePolicies.of(ImagePolicy.createDefault(), null, null, null),
                                ^
  required: ImagePolicy,VideoPolicy,HtmlPolicy,ExcelPolicy,PdfPolicy
  found:    ImagePolicy,<null>,<null>,<null>
  reason: actual and formal argument lists differ in length
/Users/sangwon-ryu/fileflow/application/src/test/java/com/ryuqq/fileflow/application/policy/service/DeactivateUploadPolicyServiceTest.java:51: error: method of in class FileTypePolicies cannot be applied to given types;
                FileTypePolicies.of(ImagePolicy.createDefault(), null, null, null),
                                ^
  required: ImagePolicy,VideoPolicy,HtmlPolicy,ExcelPolicy,PdfPolicy
  found:    ImagePolicy,<null>,<null>,<null>
  reason: actual and formal argument lists differ in length
/Users/sangwon-ryu/fileflow/application/src/test/java/com/ryuqq/fileflow/application/policy/service/DeactivateUploadPolicyServiceTest.java:85: error: method of in class FileTypePolicies cannot be applied to given types;
                FileTypePolicies.of(ImagePolicy.createDefault(), null, null, null),
                                ^
  required: ImagePolicy,VideoPolicy,HtmlPolicy,ExcelPolicy,PdfPolicy
  found:    ImagePolicy,<null>,<null>,<null>
  reason: actual and formal argument lists differ in length
/Users/sangwon-ryu/fileflow/application/src/test/java/com/ryuqq/fileflow/application/policy/service/DeleteUploadPolicyServiceTest.java:49: error: method of in class FileTypePolicies cannot be applied to given types;
                FileTypePolicies.of(ImagePolicy.createDefault(), null, null, null),
                                ^
  required: ImagePolicy,VideoPolicy,HtmlPolicy,ExcelPolicy,PdfPolicy
  found:    ImagePolicy,<null>,<null>,<null>
  reason: actual and formal argument lists differ in length
/Users/sangwon-ryu/fileflow/application/src/test/java/com/ryuqq/fileflow/application/policy/service/DeleteUploadPolicyServiceTest.java:69: error: method of in class FileTypePolicies cannot be applied to given types;
                FileTypePolicies.of(ImagePolicy.createDefault(), null, null, null),
                                ^
  required: ImagePolicy,VideoPolicy,HtmlPolicy,ExcelPolicy,PdfPolicy
  found:    ImagePolicy,<null>,<null>,<null>
  reason: actual and formal argument lists differ in length
/Users/sangwon-ryu/fileflow/application/src/test/java/com/ryuqq/fileflow/application/upload/service/ConfirmUploadServiceTest.java:56: error: constructor ConfirmUploadService in class ConfirmUploadService cannot be applied to given types;
        confirmUploadService = new ConfirmUploadService(
                               ^
  required: UploadSessionPort,VerifyS3ObjectPort,ChecksumVerificationService,String
  found:    UploadSessionPort,VerifyS3ObjectPort,String
  reason: actual and formal argument lists differ in length
/Users/sangwon-ryu/fileflow/application/src/test/java/com/ryuqq/fileflow/application/upload/service/ConfirmUploadServiceTest.java:73: error: constructor ConfirmUploadCommand in record ConfirmUploadCommand cannot be applied to given types;
            ConfirmUploadCommand command = new ConfirmUploadCommand(actualSessionId, null);
                                           ^
  required: String,String,String
  found:    String,<null>
  reason: actual and formal argument lists differ in length
/Users/sangwon-ryu/fileflow/application/src/test/java/com/ryuqq/fileflow/application/upload/service/ConfirmUploadServiceTest.java:99: error: constructor ConfirmUploadCommand in record ConfirmUploadCommand cannot be applied to given types;
            ConfirmUploadCommand command = new ConfirmUploadCommand(actualSessionId, ETAG);
                                           ^
  required: String,String,String
  found:    String,String
  reason: actual and formal argument lists differ in length
/Users/sangwon-ryu/fileflow/application/src/test/java/com/ryuqq/fileflow/application/upload/service/ConfirmUploadServiceTest.java:123: error: constructor ConfirmUploadCommand in record ConfirmUploadCommand cannot be applied to given types;
            ConfirmUploadCommand command = new ConfirmUploadCommand(actualSessionId, ETAG);
                                           ^
  required: String,String,String
  found:    String,String
  reason: actual and formal argument lists differ in length
/Users/sangwon-ryu/fileflow/application/src/test/java/com/ryuqq/fileflow/application/upload/service/ConfirmUploadServiceTest.java:156: error: constructor ConfirmUploadCommand in record ConfirmUploadCommand cannot be applied to given types;
            assertThatThrownBy(() -> new ConfirmUploadCommand(null, ETAG))
                                     ^
  required: String,String,String
  found:    <null>,String
  reason: actual and formal argument lists differ in length
/Users/sangwon-ryu/fileflow/application/src/test/java/com/ryuqq/fileflow/application/upload/service/ConfirmUploadServiceTest.java:166: error: constructor ConfirmUploadCommand in record ConfirmUploadCommand cannot be applied to given types;
            ConfirmUploadCommand command = new ConfirmUploadCommand(testSessionId, ETAG);
                                           ^
  required: String,String,String
  found:    String,String
  reason: actual and formal argument lists differ in length
/Users/sangwon-ryu/fileflow/application/src/test/java/com/ryuqq/fileflow/application/upload/service/ConfirmUploadServiceTest.java:183: error: constructor ConfirmUploadCommand in record ConfirmUploadCommand cannot be applied to given types;
            ConfirmUploadCommand command = new ConfirmUploadCommand(actualSessionId, ETAG);
                                           ^
  required: String,String,String
  found:    String,String
  reason: actual and formal argument lists differ in length
/Users/sangwon-ryu/fileflow/application/src/test/java/com/ryuqq/fileflow/application/upload/service/ConfirmUploadServiceTest.java:201: error: constructor ConfirmUploadCommand in record ConfirmUploadCommand cannot be applied to given types;
            ConfirmUploadCommand command = new ConfirmUploadCommand(actualSessionId, ETAG);
                                           ^
  required: String,String,String
  found:    String,String
  reason: actual and formal argument lists differ in length
/Users/sangwon-ryu/fileflow/application/src/test/java/com/ryuqq/fileflow/application/upload/service/ConfirmUploadServiceTest.java:220: error: constructor ConfirmUploadCommand in record ConfirmUploadCommand cannot be applied to given types;
            ConfirmUploadCommand command = new ConfirmUploadCommand(actualSessionId, ETAG);
                                           ^
  required: String,String,String
  found:    String,String
  reason: actual and formal argument lists differ in length
/Users/sangwon-ryu/fileflow/application/src/test/java/com/ryuqq/fileflow/application/upload/service/UploadSessionServiceTest.java:65: error: constructor UploadSessionService in class UploadSessionService cannot be applied to given types;
        uploadSessionService = new UploadSessionService(
                               ^
  required: UploadSessionPort,GeneratePresignedUrlPort,ValidateUploadPolicyUseCase,UploadSessionPersistenceService,MultipartProgressPort
  found:    UploadSessionPort,GeneratePresignedUrlPort,ValidateUploadPolicyUseCase,UploadSessionPersistenceService
  reason: actual and formal argument lists differ in length
27 errors
1 warning

> Task :domain:compileTestJava
/Users/sangwon-ryu/fileflow/domain/src/test/java/com/ryuqq/fileflow/domain/policy/vo/FileAttributesTest.java:19: error: constructor FileAttributes in record FileAttributes cannot be applied to given types;
        FileAttributes attrs = new FileAttributes(
                               ^
  required: long,int,String,Dimension,Integer,Integer,Integer,Integer
  found:    int,int,String,Dimension,<null>,<null>,<null>
  reason: actual and formal argument lists differ in length
/Users/sangwon-ryu/fileflow/domain/src/test/java/com/ryuqq/fileflow/domain/policy/vo/FileAttributesTest.java:149: error: constructor FileAttributes in record FileAttributes cannot be applied to given types;
        assertThatThrownBy(() -> new FileAttributes(-1, 1, null, null, null, null, null))
                                 ^
  required: long,int,String,Dimension,Integer,Integer,Integer,Integer
  found:    int,int,<null>,<null>,<null>,<null>,<null>
  reason: actual and formal argument lists differ in length
/Users/sangwon-ryu/fileflow/domain/src/test/java/com/ryuqq/fileflow/domain/policy/vo/FileAttributesTest.java:158: error: constructor FileAttributes in record FileAttributes cannot be applied to given types;
        assertThatThrownBy(() -> new FileAttributes(1024, -1, null, null, null, null, null))
                                 ^
  required: long,int,String,Dimension,Integer,Integer,Integer,Integer
  found:    int,int,<null>,<null>,<null>,<null>,<null>
  reason: actual and formal argument lists differ in length
/Users/sangwon-ryu/fileflow/domain/src/test/java/com/ryuqq/fileflow/domain/policy/vo/FileTypePoliciesIntegrationTest.java:23: error: method of in class FileTypePolicies cannot be applied to given types;
        FileTypePolicies policies = FileTypePolicies.of(null, htmlPolicy, null, null);
                                                    ^
  required: ImagePolicy,VideoPolicy,HtmlPolicy,ExcelPolicy,PdfPolicy
  found:    <null>,HtmlPolicy,<null>,<null>
  reason: actual and formal argument lists differ in length
/Users/sangwon-ryu/fileflow/domain/src/test/java/com/ryuqq/fileflow/domain/policy/vo/FileTypePoliciesIntegrationTest.java:39: error: method of in class FileTypePolicies cannot be applied to given types;
        FileTypePolicies policies = FileTypePolicies.of(null, htmlPolicy, null, null);
                                                    ^
  required: ImagePolicy,VideoPolicy,HtmlPolicy,ExcelPolicy,PdfPolicy
  found:    <null>,HtmlPolicy,<null>,<null>
  reason: actual and formal argument lists differ in length
/Users/sangwon-ryu/fileflow/domain/src/test/java/com/ryuqq/fileflow/domain/policy/vo/FileTypePoliciesIntegrationTest.java:55: error: method of in class FileTypePolicies cannot be applied to given types;
        FileTypePolicies policies = FileTypePolicies.of(imagePolicy, null, null, null);
                                                    ^
  required: ImagePolicy,VideoPolicy,HtmlPolicy,ExcelPolicy,PdfPolicy
  found:    ImagePolicy,<null>,<null>,<null>
  reason: actual and formal argument lists differ in length
/Users/sangwon-ryu/fileflow/domain/src/test/java/com/ryuqq/fileflow/domain/policy/vo/FileTypePoliciesIntegrationTest.java:72: error: method of in class FileTypePolicies cannot be applied to given types;
        FileTypePolicies policies = FileTypePolicies.of(null, null, excelPolicy, null);
                                                    ^
  required: ImagePolicy,VideoPolicy,HtmlPolicy,ExcelPolicy,PdfPolicy
  found:    <null>,<null>,ExcelPolicy,<null>
  reason: actual and formal argument lists differ in length
/Users/sangwon-ryu/fileflow/domain/src/test/java/com/ryuqq/fileflow/domain/policy/vo/FileTypePoliciesIntegrationTest.java:88: error: method of in class FileTypePolicies cannot be applied to given types;
        FileTypePolicies policies = FileTypePolicies.of(null, null, excelPolicy, null);
                                                    ^
  required: ImagePolicy,VideoPolicy,HtmlPolicy,ExcelPolicy,PdfPolicy
  found:    <null>,<null>,ExcelPolicy,<null>
  reason: actual and formal argument lists differ in length
/Users/sangwon-ryu/fileflow/domain/src/test/java/com/ryuqq/fileflow/domain/policy/vo/FileTypePoliciesIntegrationTest.java:104: error: method of in class FileTypePolicies cannot be applied to given types;
        FileTypePolicies policies = FileTypePolicies.of(imagePolicy, null, null, null);
                                                    ^
  required: ImagePolicy,VideoPolicy,HtmlPolicy,ExcelPolicy,PdfPolicy
  found:    ImagePolicy,<null>,<null>,<null>
  reason: actual and formal argument lists differ in length
/Users/sangwon-ryu/fileflow/domain/src/test/java/com/ryuqq/fileflow/domain/policy/vo/FileTypePoliciesIntegrationTest.java:121: error: method of in class FileTypePolicies cannot be applied to given types;
        FileTypePolicies policies = FileTypePolicies.of(null, null, null, pdfPolicy);
                                                    ^
  required: ImagePolicy,VideoPolicy,HtmlPolicy,ExcelPolicy,PdfPolicy
  found:    <null>,<null>,<null>,PdfPolicy
  reason: actual and formal argument lists differ in length
/Users/sangwon-ryu/fileflow/domain/src/test/java/com/ryuqq/fileflow/domain/policy/vo/FileTypePoliciesIntegrationTest.java:137: error: method of in class FileTypePolicies cannot be applied to given types;
        FileTypePolicies policies = FileTypePolicies.of(null, null, null, pdfPolicy);
                                                    ^
  required: ImagePolicy,VideoPolicy,HtmlPolicy,ExcelPolicy,PdfPolicy
  found:    <null>,<null>,<null>,PdfPolicy
  reason: actual and formal argument lists differ in length
/Users/sangwon-ryu/fileflow/domain/src/test/java/com/ryuqq/fileflow/domain/policy/vo/FileTypePoliciesIntegrationTest.java:153: error: method of in class FileTypePolicies cannot be applied to given types;
        FileTypePolicies policies = FileTypePolicies.of(imagePolicy, null, null, null);
                                                    ^
  required: ImagePolicy,VideoPolicy,HtmlPolicy,ExcelPolicy,PdfPolicy
  found:    ImagePolicy,<null>,<null>,<null>
  reason: actual and formal argument lists differ in length
/Users/sangwon-ryu/fileflow/domain/src/test/java/com/ryuqq/fileflow/domain/policy/vo/FileTypePoliciesIntegrationTest.java:170: error: method of in class FileTypePolicies cannot be applied to given types;
        FileTypePolicies policies = FileTypePolicies.of(null, htmlPolicy, null, null);
                                                    ^
  required: ImagePolicy,VideoPolicy,HtmlPolicy,ExcelPolicy,PdfPolicy
  found:    <null>,HtmlPolicy,<null>,<null>
  reason: actual and formal argument lists differ in length
/Users/sangwon-ryu/fileflow/domain/src/test/java/com/ryuqq/fileflow/domain/policy/vo/FileTypePoliciesIntegrationTest.java:184: error: method of in class FileTypePolicies cannot be applied to given types;
        FileTypePolicies policies = FileTypePolicies.of(null, null, excelPolicy, null);
                                                    ^
  required: ImagePolicy,VideoPolicy,HtmlPolicy,ExcelPolicy,PdfPolicy
  found:    <null>,<null>,ExcelPolicy,<null>
  reason: actual and formal argument lists differ in length
/Users/sangwon-ryu/fileflow/domain/src/test/java/com/ryuqq/fileflow/domain/policy/vo/FileTypePoliciesIntegrationTest.java:198: error: method of in class FileTypePolicies cannot be applied to given types;
        FileTypePolicies policies = FileTypePolicies.of(null, htmlPolicy, null, null);
                                                    ^
  required: ImagePolicy,VideoPolicy,HtmlPolicy,ExcelPolicy,PdfPolicy
  found:    <null>,HtmlPolicy,<null>,<null>
  reason: actual and formal argument lists differ in length
/Users/sangwon-ryu/fileflow/domain/src/test/java/com/ryuqq/fileflow/domain/policy/vo/FileTypePoliciesIntegrationTest.java:209: error: method of in class FileTypePolicies cannot be applied to given types;
        FileTypePolicies policies = FileTypePolicies.of(null, null, excelPolicy, null);
                                                    ^
  required: ImagePolicy,VideoPolicy,HtmlPolicy,ExcelPolicy,PdfPolicy
  found:    <null>,<null>,ExcelPolicy,<null>
  reason: actual and formal argument lists differ in length
/Users/sangwon-ryu/fileflow/domain/src/test/java/com/ryuqq/fileflow/domain/policy/vo/FileTypePoliciesIntegrationTest.java:220: error: method of in class FileTypePolicies cannot be applied to given types;
        FileTypePolicies policies = FileTypePolicies.of(null, null, null, pdfPolicy);
                                                    ^
  required: ImagePolicy,VideoPolicy,HtmlPolicy,ExcelPolicy,PdfPolicy
  found:    <null>,<null>,<null>,PdfPolicy
  reason: actual and formal argument lists differ in length
/Users/sangwon-ryu/fileflow/domain/src/test/java/com/ryuqq/fileflow/domain/policy/vo/FileTypePoliciesIntegrationTest.java:232: error: method of in class FileTypePolicies cannot be applied to given types;
        FileTypePolicies policies = FileTypePolicies.of(imagePolicy, null, null, null);
                                                    ^
  required: ImagePolicy,VideoPolicy,HtmlPolicy,ExcelPolicy,PdfPolicy
  found:    ImagePolicy,<null>,<null>,<null>
  reason: actual and formal argument lists differ in length
/Users/sangwon-ryu/fileflow/domain/src/test/java/com/ryuqq/fileflow/domain/policy/vo/FileTypePoliciesIntegrationTest.java:245: error: method of in class FileTypePolicies cannot be applied to given types;
        FileTypePolicies policies = FileTypePolicies.of(null, htmlPolicy, excelPolicy, pdfPolicy);
                                                    ^
  required: ImagePolicy,VideoPolicy,HtmlPolicy,ExcelPolicy,PdfPolicy
  found:    <null>,HtmlPolicy,ExcelPolicy,PdfPolicy
  reason: actual and formal argument lists differ in length
/Users/sangwon-ryu/fileflow/domain/src/test/java/com/ryuqq/fileflow/domain/policy/vo/FileTypePoliciesIntegrationTest.java:256: error: method of in class FileTypePolicies cannot be applied to given types;
        FileTypePolicies policies1 = FileTypePolicies.of(null, htmlPolicy, null, null);
                                                     ^
  required: ImagePolicy,VideoPolicy,HtmlPolicy,ExcelPolicy,PdfPolicy
  found:    <null>,HtmlPolicy,<null>,<null>
  reason: actual and formal argument lists differ in length
/Users/sangwon-ryu/fileflow/domain/src/test/java/com/ryuqq/fileflow/domain/policy/vo/FileTypePoliciesIntegrationTest.java:257: error: method of in class FileTypePolicies cannot be applied to given types;
        FileTypePolicies policies2 = FileTypePolicies.of(null, htmlPolicy, null, null);
                                                     ^
  required: ImagePolicy,VideoPolicy,HtmlPolicy,ExcelPolicy,PdfPolicy
  found:    <null>,HtmlPolicy,<null>,<null>
  reason: actual and formal argument lists differ in length
/Users/sangwon-ryu/fileflow/domain/src/test/java/com/ryuqq/fileflow/domain/policy/vo/FileTypePoliciesIntegrationTest.java:270: error: method of in class FileTypePolicies cannot be applied to given types;
        FileTypePolicies policies1 = FileTypePolicies.of(null, htmlPolicy1, null, null);
                                                     ^
  required: ImagePolicy,VideoPolicy,HtmlPolicy,ExcelPolicy,PdfPolicy
  found:    <null>,HtmlPolicy,<null>,<null>
  reason: actual and formal argument lists differ in length
/Users/sangwon-ryu/fileflow/domain/src/test/java/com/ryuqq/fileflow/domain/policy/vo/FileTypePoliciesIntegrationTest.java:271: error: method of in class FileTypePolicies cannot be applied to given types;
        FileTypePolicies policies2 = FileTypePolicies.of(null, htmlPolicy2, null, null);
                                                     ^
  required: ImagePolicy,VideoPolicy,HtmlPolicy,ExcelPolicy,PdfPolicy
  found:    <null>,HtmlPolicy,<null>,<null>
  reason: actual and formal argument lists differ in length
/Users/sangwon-ryu/fileflow/domain/src/test/java/com/ryuqq/fileflow/domain/policy/vo/FileTypePoliciesIntegrationTest.java:282: error: method of in class FileTypePolicies cannot be applied to given types;
        FileTypePolicies policies = FileTypePolicies.of(null, htmlPolicy, null, null);
                                                    ^
  required: ImagePolicy,VideoPolicy,HtmlPolicy,ExcelPolicy,PdfPolicy
  found:    <null>,HtmlPolicy,<null>,<null>
  reason: actual and formal argument lists differ in length
/Users/sangwon-ryu/fileflow/domain/src/test/java/com/ryuqq/fileflow/domain/policy/vo/FileTypePoliciesIntegrationTest.java:293: error: method of in class FileTypePolicies cannot be applied to given types;
        FileTypePolicies policies = FileTypePolicies.of(null, htmlPolicy, null, null);
                                                    ^
  required: ImagePolicy,VideoPolicy,HtmlPolicy,ExcelPolicy,PdfPolicy
  found:    <null>,HtmlPolicy,<null>,<null>
  reason: actual and formal argument lists differ in length
/Users/sangwon-ryu/fileflow/domain/src/test/java/com/ryuqq/fileflow/domain/policy/vo/FileTypePoliciesIntegrationTest.java:305: error: method of in class FileTypePolicies cannot be applied to given types;
        FileTypePolicies policies = FileTypePolicies.of(null, htmlPolicy, excelPolicy, null);
                                                    ^
  required: ImagePolicy,VideoPolicy,HtmlPolicy,ExcelPolicy,PdfPolicy
  found:    <null>,HtmlPolicy,ExcelPolicy,<null>
  reason: actual and formal argument lists differ in length
/Users/sangwon-ryu/fileflow/domain/src/test/java/com/ryuqq/fileflow/domain/policy/vo/FileTypePoliciesIntegrationTest.java:323: error: method of in class FileTypePolicies cannot be applied to given types;
        FileTypePolicies policies = FileTypePolicies.of(null, htmlPolicy, null, null);
                                                    ^
  required: ImagePolicy,VideoPolicy,HtmlPolicy,ExcelPolicy,PdfPolicy
  found:    <null>,HtmlPolicy,<null>,<null>
  reason: actual and formal argument lists differ in length
/Users/sangwon-ryu/fileflow/domain/src/test/java/com/ryuqq/fileflow/domain/policy/UploadPolicyTest.java:27: error: method of in class FileTypePolicies cannot be applied to given types;
        FileTypePolicies policies = FileTypePolicies.of(
                                                    ^
  required: ImagePolicy,VideoPolicy,HtmlPolicy,ExcelPolicy,PdfPolicy
  found:    ImagePolicy,<null>,<null>,<null>
  reason: actual and formal argument lists differ in length
/Users/sangwon-ryu/fileflow/domain/src/test/java/com/ryuqq/fileflow/domain/policy/UploadPolicyTest.java:58: error: method of in class FileTypePolicies cannot be applied to given types;
        FileTypePolicies policies = FileTypePolicies.of(
                                                    ^
  required: ImagePolicy,VideoPolicy,HtmlPolicy,ExcelPolicy,PdfPolicy
  found:    ImagePolicy,<null>,<null>,<null>
  reason: actual and formal argument lists differ in length
/Users/sangwon-ryu/fileflow/domain/src/test/java/com/ryuqq/fileflow/domain/policy/UploadPolicyTest.java:104: error: method of in class FileTypePolicies cannot be applied to given types;
        FileTypePolicies policies = FileTypePolicies.of(
                                                    ^
  required: ImagePolicy,VideoPolicy,HtmlPolicy,ExcelPolicy,PdfPolicy
  found:    ImagePolicy,<null>,<null>,<null>
  reason: actual and formal argument lists differ in length
/Users/sangwon-ryu/fileflow/domain/src/test/java/com/ryuqq/fileflow/domain/policy/UploadPolicyTest.java:128: error: method of in class FileTypePolicies cannot be applied to given types;
        FileTypePolicies policies = FileTypePolicies.of(
                                                    ^
  required: ImagePolicy,VideoPolicy,HtmlPolicy,ExcelPolicy,PdfPolicy
  found:    ImagePolicy,<null>,<null>,<null>
  reason: actual and formal argument lists differ in length
/Users/sangwon-ryu/fileflow/domain/src/test/java/com/ryuqq/fileflow/domain/policy/UploadPolicyTest.java:152: error: method of in class FileTypePolicies cannot be applied to given types;
        FileTypePolicies policies = FileTypePolicies.of(
                                                    ^
  required: ImagePolicy,VideoPolicy,HtmlPolicy,ExcelPolicy,PdfPolicy
  found:    ImagePolicy,<null>,<null>,<null>
  reason: actual and formal argument lists differ in length
/Users/sangwon-ryu/fileflow/domain/src/test/java/com/ryuqq/fileflow/domain/policy/UploadPolicyTest.java:176: error: method of in class FileTypePolicies cannot be applied to given types;
        FileTypePolicies policies = FileTypePolicies.of(
                                                    ^
  required: ImagePolicy,VideoPolicy,HtmlPolicy,ExcelPolicy,PdfPolicy
  found:    ImagePolicy,<null>,<null>,<null>
  reason: actual and formal argument lists differ in length
/Users/sangwon-ryu/fileflow/domain/src/test/java/com/ryuqq/fileflow/domain/policy/UploadPolicyTest.java:201: error: method of in class FileTypePolicies cannot be applied to given types;
        FileTypePolicies policies = FileTypePolicies.of(
                                                    ^
  required: ImagePolicy,VideoPolicy,HtmlPolicy,ExcelPolicy,PdfPolicy
  found:    ImagePolicy,<null>,<null>,<null>
  reason: actual and formal argument lists differ in length
/Users/sangwon-ryu/fileflow/domain/src/test/java/com/ryuqq/fileflow/domain/policy/UploadPolicyTest.java:231: error: method of in class FileTypePolicies cannot be applied to given types;
        FileTypePolicies policies = FileTypePolicies.of(
                                                    ^
  required: ImagePolicy,VideoPolicy,HtmlPolicy,ExcelPolicy,PdfPolicy
  found:    ImagePolicy,<null>,<null>,<null>
  reason: actual and formal argument lists differ in length
/Users/sangwon-ryu/fileflow/domain/src/test/java/com/ryuqq/fileflow/domain/policy/UploadPolicyTest.java:261: error: method of in class FileTypePolicies cannot be applied to given types;
        FileTypePolicies policies = FileTypePolicies.of(
                                                    ^
  required: ImagePolicy,VideoPolicy,HtmlPolicy,ExcelPolicy,PdfPolicy
  found:    ImagePolicy,<null>,<null>,<null>
  reason: actual and formal argument lists differ in length
/Users/sangwon-ryu/fileflow/domain/src/test/java/com/ryuqq/fileflow/domain/policy/UploadPolicyTest.java:289: error: method of in class FileTypePolicies cannot be applied to given types;
        FileTypePolicies policies = FileTypePolicies.of(
                                                    ^
  required: ImagePolicy,VideoPolicy,HtmlPolicy,ExcelPolicy,PdfPolicy
  found:    ImagePolicy,<null>,<null>,<null>
  reason: actual and formal argument lists differ in length
/Users/sangwon-ryu/fileflow/domain/src/test/java/com/ryuqq/fileflow/domain/policy/UploadPolicyTest.java:319: error: method of in class FileTypePolicies cannot be applied to given types;
        FileTypePolicies policies = FileTypePolicies.of(
                                                    ^
  required: ImagePolicy,VideoPolicy,HtmlPolicy,ExcelPolicy,PdfPolicy
  found:    ImagePolicy,<null>,<null>,<null>
  reason: actual and formal argument lists differ in length
/Users/sangwon-ryu/fileflow/domain/src/test/java/com/ryuqq/fileflow/domain/policy/UploadPolicyTest.java:346: error: method of in class FileTypePolicies cannot be applied to given types;
        FileTypePolicies policies = FileTypePolicies.of(
                                                    ^
  required: ImagePolicy,VideoPolicy,HtmlPolicy,ExcelPolicy,PdfPolicy
  found:    ImagePolicy,<null>,<null>,<null>
  reason: actual and formal argument lists differ in length
/Users/sangwon-ryu/fileflow/domain/src/test/java/com/ryuqq/fileflow/domain/policy/UploadPolicyTest.java:372: error: method of in class FileTypePolicies cannot be applied to given types;
        FileTypePolicies policies = FileTypePolicies.of(
                                                    ^
  required: ImagePolicy,VideoPolicy,HtmlPolicy,ExcelPolicy,PdfPolicy
  found:    ImagePolicy,<null>,<null>,<null>
  reason: actual and formal argument lists differ in length
/Users/sangwon-ryu/fileflow/domain/src/test/java/com/ryuqq/fileflow/domain/policy/UploadPolicyTest.java:399: error: method of in class FileTypePolicies cannot be applied to given types;
        FileTypePolicies policies = FileTypePolicies.of(
                                                    ^
  required: ImagePolicy,VideoPolicy,HtmlPolicy,ExcelPolicy,PdfPolicy
  found:    ImagePolicy,<null>,<null>,<null>
  reason: actual and formal argument lists differ in length
/Users/sangwon-ryu/fileflow/domain/src/test/java/com/ryuqq/fileflow/domain/policy/UploadPolicyTest.java:426: error: method of in class FileTypePolicies cannot be applied to given types;
        FileTypePolicies policies = FileTypePolicies.of(
                                                    ^
  required: ImagePolicy,VideoPolicy,HtmlPolicy,ExcelPolicy,PdfPolicy
  found:    ImagePolicy,<null>,<null>,<null>
  reason: actual and formal argument lists differ in length
/Users/sangwon-ryu/fileflow/domain/src/test/java/com/ryuqq/fileflow/domain/policy/UploadPolicyTest.java:451: error: method of in class FileTypePolicies cannot be applied to given types;
        FileTypePolicies policies = FileTypePolicies.of(
                                                    ^
  required: ImagePolicy,VideoPolicy,HtmlPolicy,ExcelPolicy,PdfPolicy
  found:    ImagePolicy,<null>,<null>,<null>
  reason: actual and formal argument lists differ in length
/Users/sangwon-ryu/fileflow/domain/src/test/java/com/ryuqq/fileflow/domain/policy/UploadPolicyTest.java:478: error: method of in class FileTypePolicies cannot be applied to given types;
        FileTypePolicies policies1 = FileTypePolicies.of(
                                                     ^
  required: ImagePolicy,VideoPolicy,HtmlPolicy,ExcelPolicy,PdfPolicy
  found:    ImagePolicy,<null>,<null>,<null>
  reason: actual and formal argument lists differ in length
/Users/sangwon-ryu/fileflow/domain/src/test/java/com/ryuqq/fileflow/domain/policy/UploadPolicyTest.java:482: error: method of in class FileTypePolicies cannot be applied to given types;
        FileTypePolicies policies2 = FileTypePolicies.of(
                                                     ^
  required: ImagePolicy,VideoPolicy,HtmlPolicy,ExcelPolicy,PdfPolicy
  found:    <null>,HtmlPolicy,<null>,<null>
  reason: actual and formal argument lists differ in length
/Users/sangwon-ryu/fileflow/domain/src/test/java/com/ryuqq/fileflow/domain/policy/UploadPolicyTest.java:506: error: method of in class FileTypePolicies cannot be applied to given types;
        FileTypePolicies policies = FileTypePolicies.of(
                                                    ^
  required: ImagePolicy,VideoPolicy,HtmlPolicy,ExcelPolicy,PdfPolicy
  found:    ImagePolicy,<null>,<null>,<null>
  reason: actual and formal argument lists differ in length
/Users/sangwon-ryu/fileflow/domain/src/test/java/com/ryuqq/fileflow/domain/policy/UploadPolicyTest.java:530: error: method of in class FileTypePolicies cannot be applied to given types;
        FileTypePolicies policies = FileTypePolicies.of(
                                                    ^
  required: ImagePolicy,VideoPolicy,HtmlPolicy,ExcelPolicy,PdfPolicy
  found:    ImagePolicy,<null>,<null>,<null>
  reason: actual and formal argument lists differ in length
/Users/sangwon-ryu/fileflow/domain/src/test/java/com/ryuqq/fileflow/domain/policy/UploadPolicyTest.java:554: error: method of in class FileTypePolicies cannot be applied to given types;
        FileTypePolicies policies = FileTypePolicies.of(
                                                    ^
  required: ImagePolicy,VideoPolicy,HtmlPolicy,ExcelPolicy,PdfPolicy
  found:    ImagePolicy,<null>,<null>,<null>
  reason: actual and formal argument lists differ in length
/Users/sangwon-ryu/fileflow/domain/src/test/java/com/ryuqq/fileflow/domain/policy/UploadPolicyTest.java:586: error: method of in class FileTypePolicies cannot be applied to given types;
        FileTypePolicies policies = FileTypePolicies.of(
                                                    ^
  required: ImagePolicy,VideoPolicy,HtmlPolicy,ExcelPolicy,PdfPolicy
  found:    ImagePolicy,<null>,<null>,<null>
  reason: actual and formal argument lists differ in length
/Users/sangwon-ryu/fileflow/domain/src/test/java/com/ryuqq/fileflow/domain/policy/UploadPolicyTest.java:611: error: method of in class FileTypePolicies cannot be applied to given types;
        FileTypePolicies policies = FileTypePolicies.of(
                                                    ^
  required: ImagePolicy,VideoPolicy,HtmlPolicy,ExcelPolicy,PdfPolicy
  found:    ImagePolicy,<null>,<null>,<null>
  reason: actual and formal argument lists differ in length
/Users/sangwon-ryu/fileflow/domain/src/test/java/com/ryuqq/fileflow/domain/policy/UploadPolicyTest.java:636: error: method of in class FileTypePolicies cannot be applied to given types;
        FileTypePolicies policies = FileTypePolicies.of(
                                                    ^
  required: ImagePolicy,VideoPolicy,HtmlPolicy,ExcelPolicy,PdfPolicy
  found:    ImagePolicy,<null>,<null>,<null>
  reason: actual and formal argument lists differ in length
/Users/sangwon-ryu/fileflow/domain/src/test/java/com/ryuqq/fileflow/domain/policy/UploadPolicyTest.java:661: error: method of in class FileTypePolicies cannot be applied to given types;
        FileTypePolicies oldPolicies = FileTypePolicies.of(
                                                       ^
  required: ImagePolicy,VideoPolicy,HtmlPolicy,ExcelPolicy,PdfPolicy
  found:    ImagePolicy,<null>,<null>,<null>
  reason: actual and formal argument lists differ in length
/Users/sangwon-ryu/fileflow/domain/src/test/java/com/ryuqq/fileflow/domain/policy/UploadPolicyTest.java:665: error: method of in class FileTypePolicies cannot be applied to given types;
        FileTypePolicies newPolicies = FileTypePolicies.of(
                                                       ^
  required: ImagePolicy,VideoPolicy,HtmlPolicy,ExcelPolicy,PdfPolicy
  found:    <null>,HtmlPolicy,<null>,<null>
  reason: actual and formal argument lists differ in length
/Users/sangwon-ryu/fileflow/domain/src/test/java/com/ryuqq/fileflow/domain/policy/UploadPolicyTest.java:696: error: method of in class FileTypePolicies cannot be applied to given types;
        FileTypePolicies policies = FileTypePolicies.of(
                                                    ^
  required: ImagePolicy,VideoPolicy,HtmlPolicy,ExcelPolicy,PdfPolicy
  found:    ImagePolicy,<null>,<null>,<null>
  reason: actual and formal argument lists differ in length
/Users/sangwon-ryu/fileflow/domain/src/test/java/com/ryuqq/fileflow/domain/policy/UploadPolicyTest.java:723: error: method of in class FileTypePolicies cannot be applied to given types;
        FileTypePolicies policies = FileTypePolicies.of(
                                                    ^
  required: ImagePolicy,VideoPolicy,HtmlPolicy,ExcelPolicy,PdfPolicy
  found:    ImagePolicy,<null>,<null>,<null>
  reason: actual and formal argument lists differ in length
/Users/sangwon-ryu/fileflow/domain/src/test/java/com/ryuqq/fileflow/domain/policy/UploadPolicyTest.java:750: error: method of in class FileTypePolicies cannot be applied to given types;
        FileTypePolicies policies = FileTypePolicies.of(
                                                    ^
  required: ImagePolicy,VideoPolicy,HtmlPolicy,ExcelPolicy,PdfPolicy
  found:    ImagePolicy,<null>,<null>,<null>
  reason: actual and formal argument lists differ in length
/Users/sangwon-ryu/fileflow/domain/src/test/java/com/ryuqq/fileflow/domain/policy/UploadPolicyTest.java:777: error: method of in class FileTypePolicies cannot be applied to given types;
        FileTypePolicies policies = FileTypePolicies.of(
                                                    ^
  required: ImagePolicy,VideoPolicy,HtmlPolicy,ExcelPolicy,PdfPolicy
  found:    ImagePolicy,<null>,<null>,<null>
  reason: actual and formal argument lists differ in length
/Users/sangwon-ryu/fileflow/domain/src/test/java/com/ryuqq/fileflow/domain/policy/UploadPolicyTest.java:804: error: method of in class FileTypePolicies cannot be applied to given types;
        FileTypePolicies policies = FileTypePolicies.of(
                                                    ^
  required: ImagePolicy,VideoPolicy,HtmlPolicy,ExcelPolicy,PdfPolicy
  found:    ImagePolicy,<null>,<null>,<null>
  reason: actual and formal argument lists differ in length
/Users/sangwon-ryu/fileflow/domain/src/test/java/com/ryuqq/fileflow/domain/policy/UploadPolicyTest.java:829: error: method of in class FileTypePolicies cannot be applied to given types;
        FileTypePolicies policies = FileTypePolicies.of(
                                                    ^
  required: ImagePolicy,VideoPolicy,HtmlPolicy,ExcelPolicy,PdfPolicy
  found:    ImagePolicy,<null>,<null>,<null>
  reason: actual and formal argument lists differ in length
/Users/sangwon-ryu/fileflow/domain/src/test/java/com/ryuqq/fileflow/domain/policy/UploadPolicyTest.java:856: error: method of in class FileTypePolicies cannot be applied to given types;
        FileTypePolicies policies = FileTypePolicies.of(
                                                    ^
  required: ImagePolicy,VideoPolicy,HtmlPolicy,ExcelPolicy,PdfPolicy
  found:    ImagePolicy,<null>,<null>,<null>
  reason: actual and formal argument lists differ in length
/Users/sangwon-ryu/fileflow/domain/src/test/java/com/ryuqq/fileflow/domain/policy/UploadPolicyTest.java:883: error: method of in class FileTypePolicies cannot be applied to given types;
        FileTypePolicies policies = FileTypePolicies.of(
                                                    ^
  required: ImagePolicy,VideoPolicy,HtmlPolicy,ExcelPolicy,PdfPolicy
  found:    ImagePolicy,<null>,<null>,<null>
  reason: actual and formal argument lists differ in length
61 errors

> Task :domain:compileTestJava FAILED

> Task :adapter:adapter-in-rest-api:test

PolicyController 테스트 > initializationError FAILED
    java.lang.IllegalStateException at Assert.java:101

Java HotSpot(TM) 64-Bit Server VM warning: Sharing is only supported for boot loader classes because bootstrap classpath has been appended

> Task :adapter:adapter-in-rest-api:test

UploadConfirmController 테스트 > POST /api/v1/upload/sessions/{sessionId}/confirm - null sessionId는 Controller에서 검증 FAILED
    jakarta.servlet.ServletException at UploadConfirmControllerTest.java:260
        Caused by: java.lang.IllegalArgumentException at UploadConfirmControllerTest.java:260

UploadConfirmController 테스트 > POST /api/v1/upload/sessions/{sessionId}/confirm - ETag 불일치 FAILED
    jakarta.servlet.ServletException at UploadConfirmControllerTest.java:218
        Caused by: com.ryuqq.fileflow.domain.upload.exception.ChecksumMismatchException at UploadConfirmControllerTest.java:218

UploadConfirmController 테스트 > POST /api/v1/upload/sessions/{sessionId}/confirm - S3에 파일 없음 FAILED
    jakarta.servlet.ServletException at UploadConfirmControllerTest.java:195
        Caused by: com.ryuqq.fileflow.domain.upload.exception.FileNotFoundInS3Exception at UploadConfirmControllerTest.java:195

UploadConfirmController 테스트 > POST /api/v1/upload/sessions/{sessionId}/confirm - 잘못된 상태의 세션 FAILED
    jakarta.servlet.ServletException at UploadConfirmControllerTest.java:239
        Caused by: java.lang.IllegalStateException at UploadConfirmControllerTest.java:239

UploadConfirmController 테스트 > POST /api/v1/upload/sessions/{sessionId}/confirm - 세션을 찾을 수 없음 FAILED
    jakarta.servlet.ServletException at UploadConfirmControllerTest.java:172
        Caused by: com.ryuqq.fileflow.domain.upload.exception.UploadSessionNotFoundException at UploadConfirmControllerTest.java:172

UploadSessionController 테스트 > POST /api/v1/upload/sessions - 정책을 찾을 수 없음 FAILED
    jakarta.servlet.ServletException at UploadSessionControllerTest.java:131
        Caused by: com.ryuqq.fileflow.domain.policy.exception.PolicyNotFoundException at UploadSessionControllerTest.java:131

UploadSessionController 테스트 > POST /api/v1/upload/sessions - Validation 실패 (빈 파일명) FAILED
    java.lang.AssertionError at UploadSessionControllerTest.java:180
        Caused by: java.lang.IllegalArgumentException at UploadSessionControllerTest.java:180

UploadSessionController 테스트 > POST /api/v1/upload/sessions - 정책 위반 FAILED
    jakarta.servlet.ServletException at UploadSessionControllerTest.java:150
        Caused by: com.ryuqq.fileflow.domain.policy.exception.PolicyViolationException at UploadSessionControllerTest.java:150

UploadSessionController 테스트 > POST /api/v1/upload/sessions - Validation 실패 (만료 시간 0) FAILED
    java.lang.AssertionError at UploadSessionControllerTest.java:228
        Caused by: java.lang.IllegalArgumentException at UploadSessionControllerTest.java:228

UploadSessionController 테스트 > POST /api/v1/upload/sessions - Validation 실패 (음수 파일 크기) FAILED
    java.lang.AssertionError at UploadSessionControllerTest.java:204
        Caused by: java.lang.IllegalArgumentException at UploadSessionControllerTest.java:204

UploadSessionController 테스트 > POST /api/v1/upload/sessions - Validation 실패 (빈 업로더 ID) FAILED
    java.lang.AssertionError at UploadSessionControllerTest.java:252
        Caused by: java.lang.IllegalArgumentException at UploadSessionControllerTest.java:252

GlobalExceptionHandler 테스트 > initializationError FAILED
    java.lang.IllegalStateException at Assert.java:79

멀티파트 진행률 추적 E2E 통합 테스트 > E2E: 멀티파트 세션 생성 → 파트 완료 → 실시간 진행률 조회 FAILED
    org.springframework.jdbc.datasource.init.ScriptStatementFailedException at ScriptUtils.java:293
        Caused by: java.sql.SQLException at SQLError.java:121

멀티파트 진행률 추적 E2E 통합 테스트 > E2E: 파트 중복 완료 시 진행률이 올바르게 유지됨 FAILED
    org.springframework.jdbc.datasource.init.ScriptStatementFailedException at ScriptUtils.java:293
        Caused by: java.sql.SQLException at SQLError.java:121

멀티파트 진행률 추적 E2E 통합 테스트 > E2E: 단일 파일 업로드는 상태 기반 진행률 사용 FAILED
    org.springframework.jdbc.datasource.init.ScriptStatementFailedException at ScriptUtils.java:293
        Caused by: java.sql.SQLException at SQLError.java:121

멀티파트 진행률 추적 E2E 통합 테스트 > E2E: Redis 폴백 동작 확인 - 진행률 데이터 없을 때 상태 기반 진행률 사용 FAILED
    org.springframework.jdbc.datasource.init.ScriptStatementFailedException at ScriptUtils.java:293
        Caused by: java.sql.SQLException at SQLError.java:121

멀티파트 진행률 추적 E2E 통합 테스트 > E2E: 잘못된 파트 번호로 완료 요청 시 예외 처리 FAILED
    org.springframework.jdbc.datasource.init.ScriptStatementFailedException at ScriptUtils.java:293
        Caused by: java.sql.SQLException at SQLError.java:121

멀티파트 진행률 추적 E2E 통합 테스트 > E2E: 모든 파트 완료 시 100% 진행률 달성 FAILED
    org.springframework.jdbc.datasource.init.ScriptStatementFailedException at ScriptUtils.java:293
        Caused by: java.sql.SQLException at SQLError.java:121

Upload Confirm E2E 통합 테스트 > E2E: S3에 파일이 없을 때 404 FILE_NOT_FOUND_IN_S3 FAILED
    org.springframework.jdbc.datasource.init.ScriptStatementFailedException at ScriptUtils.java:293
        Caused by: java.sql.SQLException at SQLError.java:121

Upload Confirm E2E 통합 테스트 > E2E: 이미 실패한 세션에 확인 요청 시 409 CONFLICT FAILED
    org.springframework.jdbc.datasource.init.ScriptStatementFailedException at ScriptUtils.java:293
        Caused by: java.sql.SQLException at SQLError.java:121

Upload Confirm E2E 통합 테스트 > E2E: ETag 불일치 시 400 CHECKSUM_MISMATCH FAILED
    org.springframework.jdbc.datasource.init.ScriptStatementFailedException at ScriptUtils.java:293
        Caused by: java.sql.SQLException at SQLError.java:121

Upload Confirm E2E 통합 테스트 > E2E: 세션 생성 → S3 업로드 → 업로드 완료 확인 성공 FAILED
    org.springframework.jdbc.datasource.init.ScriptStatementFailedException at ScriptUtils.java:293
        Caused by: java.sql.SQLException at SQLError.java:121

Upload Confirm E2E 통합 테스트 > E2E: 존재하지 않는 세션 ID로 확인 요청 시 404 NOT_FOUND FAILED
    org.springframework.jdbc.datasource.init.ScriptStatementFailedException at ScriptUtils.java:293
        Caused by: java.sql.SQLException at SQLError.java:121

Upload Confirm E2E 통합 테스트 > E2E: Request Body 없이 호출 시 400 BAD_REQUEST FAILED
    org.springframework.jdbc.datasource.init.ScriptStatementFailedException at ScriptUtils.java:293
        Caused by: java.sql.SQLException at SQLError.java:121

Upload Confirm E2E 통합 테스트 > E2E: 멱등성 - 이미 완료된 세션에 재호출 시 200 OK FAILED
    org.springframework.jdbc.datasource.init.ScriptStatementFailedException at ScriptUtils.java:293
        Caused by: java.sql.SQLException at SQLError.java:121

Upload Confirm E2E 통합 테스트 > E2E: ETag 검증 포함 업로드 완료 확인 성공 FAILED
    org.springframework.jdbc.datasource.init.ScriptStatementFailedException at ScriptUtils.java:293
        Caused by: java.sql.SQLException at SQLError.java:121

Upload Session 예외 시나리오 통합 테스트 > 예외: Validation 실패 - 빈 파일명 FAILED
    org.springframework.jdbc.datasource.init.ScriptStatementFailedException at ScriptUtils.java:293
        Caused by: java.sql.SQLException at SQLError.java:121

Upload Session 예외 시나리오 통합 테스트 > 경계값 테스트: 정책 최대 파일 크기 1바이트 초과 (10MB + 1) FAILED
    org.springframework.jdbc.datasource.init.ScriptStatementFailedException at ScriptUtils.java:293
        Caused by: java.sql.SQLException at SQLError.java:121

Upload Session 예외 시나리오 통합 테스트 > 예외: 파일 크기 초과 - b2c:CONSUMER:REVIEW 정책 (최대 10MB) FAILED
    org.springframework.jdbc.datasource.init.ScriptStatementFailedException at ScriptUtils.java:293
        Caused by: java.sql.SQLException at SQLError.java:121

Upload Session 예외 시나리오 통합 테스트 > 경계값 테스트: 정책 최대 파일 크기 정확히 일치 (10MB) FAILED
    org.springframework.jdbc.datasource.init.ScriptStatementFailedException at ScriptUtils.java:293
        Caused by: java.sql.SQLException at SQLError.java:121

Upload Session 예외 시나리오 통합 테스트 > 예외: 존재하지 않는 정책 키 FAILED
    org.springframework.jdbc.datasource.init.ScriptStatementFailedException at ScriptUtils.java:293
        Caused by: java.sql.SQLException at SQLError.java:121

Upload Session 예외 시나리오 통합 테스트 > 예외: Validation 실패 - 음수 파일 크기 FAILED
    org.springframework.jdbc.datasource.init.ScriptStatementFailedException at ScriptUtils.java:293
        Caused by: java.sql.SQLException at SQLError.java:121

Upload Session 예외 시나리오 통합 테스트 > 예외: 허용되지 않은 파일 포맷 - b2c:CONSUMER:REVIEW는 JPG/PNG/WEBP만 허용 FAILED
    org.springframework.jdbc.datasource.init.ScriptStatementFailedException at ScriptUtils.java:293
        Caused by: java.sql.SQLException at SQLError.java:121

Upload Session 예외 시나리오 통합 테스트 > 예외: 이미지 해상도 초과 - b2c:CONSUMER:REVIEW (최대 2048x2048) FAILED
    org.springframework.jdbc.datasource.init.ScriptStatementFailedException at ScriptUtils.java:293
        Caused by: java.sql.SQLException at SQLError.java:121

Upload Session 예외 시나리오 통합 테스트 > 예외: Validation 실패 - 빈 업로더 ID FAILED
    org.springframework.jdbc.datasource.init.ScriptStatementFailedException at ScriptUtils.java:293
        Caused by: java.sql.SQLException at SQLError.java:121

Upload Session 예외 시나리오 통합 테스트 > 예외: 잘못된 JSON 형식 FAILED
    org.springframework.jdbc.datasource.init.ScriptStatementFailedException at ScriptUtils.java:293
        Caused by: java.sql.SQLException at SQLError.java:121

Upload Session 예외 시나리오 통합 테스트 > 예외: Rate Limiting 초과 - 시간당 요청 수 제한 FAILED
    org.springframework.jdbc.datasource.init.ScriptStatementFailedException at ScriptUtils.java:293
        Caused by: java.sql.SQLException at SQLError.java:121

Upload Session 예외 시나리오 통합 테스트 > 예외: Validation 실패 - 0 이하의 만료 시간 FAILED
    org.springframework.jdbc.datasource.init.ScriptStatementFailedException at ScriptUtils.java:293
        Caused by: java.sql.SQLException at SQLError.java:121

Upload Session 예외 시나리오 통합 테스트 > 예외: 빈 Request Body FAILED
    org.springframework.jdbc.datasource.init.ScriptStatementFailedException at ScriptUtils.java:293
        Caused by: java.sql.SQLException at SQLError.java:121

Upload Session 예외 시나리오 통합 테스트 > 예외: 파일 개수 초과 - b2c:CONSUMER:REVIEW 정책 (최대 5개) FAILED
    org.springframework.jdbc.datasource.init.ScriptStatementFailedException at ScriptUtils.java:293
        Caused by: java.sql.SQLException at SQLError.java:121

Upload Session E2E 통합 테스트 > E2E: 전체 업로드 플로우 성공 - Presigned URL 발급 → S3 업로드 → 세션 완료 FAILED
    org.springframework.jdbc.datasource.init.ScriptStatementFailedException at ScriptUtils.java:293
        Caused by: java.sql.SQLException at SQLError.java:121

Upload Session E2E 통합 테스트 > E2E: 대용량 파일 업로드 (20MB) FAILED
    org.springframework.jdbc.datasource.init.ScriptStatementFailedException at ScriptUtils.java:293
        Caused by: java.sql.SQLException at SQLError.java:121

Upload Session E2E 통합 테스트 > E2E: 멱등성 키로 중복 요청 방지 FAILED
    org.springframework.jdbc.datasource.init.ScriptStatementFailedException at ScriptUtils.java:293
        Caused by: java.sql.SQLException at SQLError.java:121

Upload Session E2E 통합 테스트 > E2E: 다양한 Content-Type 지원 (JPEG, PNG, PDF) FAILED
    org.springframework.jdbc.datasource.init.ScriptStatementFailedException at ScriptUtils.java:293
        Caused by: java.sql.SQLException at SQLError.java:121

Upload Session 성능 테스트 > 성능: Presigned URL 발급 속도 - 단일 요청 200ms 이하 FAILED
    org.springframework.jdbc.datasource.init.ScriptStatementFailedException at ScriptUtils.java:293
        Caused by: java.sql.SQLException at SQLError.java:121

Upload Session 성능 테스트 > 성능: 동시 멱등성 요청 - 중복 방지 및 성능 검증 FAILED
    org.springframework.jdbc.datasource.init.ScriptStatementFailedException at ScriptUtils.java:293
        Caused by: java.sql.SQLException at SQLError.java:121

Upload Session 성능 테스트 > 성능: 동시 업로드 10개 - 모두 성공해야 함 FAILED
    org.springframework.jdbc.datasource.init.ScriptStatementFailedException at ScriptUtils.java:293
        Caused by: java.sql.SQLException at SQLError.java:121

Upload Session 성능 테스트 > 성능: 대용량 파일 처리 (50MB) - 3초 이내 응답 FAILED
    org.springframework.jdbc.datasource.init.ScriptStatementFailedException at ScriptUtils.java:293
        Caused by: java.sql.SQLException at SQLError.java:121

Upload Session 성능 테스트 > 성능: 연속 요청 100개 - 평균 응답 시간 500ms 이하 FAILED
    org.springframework.jdbc.datasource.init.ScriptStatementFailedException at ScriptUtils.java:293
        Caused by: java.sql.SQLException at SQLError.java:121

2025-10-13T15:35:31.565+09:00  INFO 11991 --- [ionShutdownHook] j.LocalContainerEntityManagerFactoryBean : Closing JPA EntityManagerFactory for persistence unit 'default'
2025-10-13T15:35:31.567+09:00  INFO 11991 --- [ionShutdownHook] com.zaxxer.hikari.HikariDataSource       : HikariPool-1 - Shutdown initiated...
2025-10-13T15:35:31.568+09:00  INFO 11991 --- [ionShutdownHook] com.zaxxer.hikari.HikariDataSource       : HikariPool-1 - Shutdown completed.
2025-10-13T15:35:31.595+09:00  INFO 11991 --- [ionShutdownHook] j.LocalContainerEntityManagerFactoryBean : Closing JPA EntityManagerFactory for persistence unit 'default'
2025-10-13T15:35:31.596+09:00  INFO 11991 --- [ionShutdownHook] com.zaxxer.hikari.HikariDataSource       : HikariPool-2 - Shutdown initiated...
2025-10-13T15:35:31.597+09:00  INFO 11991 --- [ionShutdownHook] com.zaxxer.hikari.HikariDataSource       : HikariPool-2 - Shutdown completed.
2025-10-13T15:35:31.607+09:00  INFO 11991 --- [ionShutdownHook] j.LocalContainerEntityManagerFactoryBean : Closing JPA EntityManagerFactory for persistence unit 'default'
2025-10-13T15:35:31.607+09:00  INFO 11991 --- [ionShutdownHook] com.zaxxer.hikari.HikariDataSource       : HikariPool-3 - Shutdown initiated...
2025-10-13T15:35:32.015+09:00  INFO 11991 --- [ionShutdownHook] com.zaxxer.hikari.HikariDataSource       : HikariPool-3 - Shutdown completed.

> Task :adapter:adapter-in-rest-api:test FAILED

69 tests completed, 50 failed, 1 skipped

[Incubating] Problems report is available at: file:///Users/sangwon-ryu/fileflow/build/reports/problems/problems-report.html

FAILURE: Build completed with 7 failures.

1: Task failed with an exception.
-----------
* What went wrong:
Execution failed for task ':adapter:adapter-out-aws-sqs:compileTestJava'.
> Compilation failed; see the compiler output below.
  /Users/sangwon-ryu/fileflow/adapter/adapter-out-aws-sqs/src/test/java/com/ryuqq/fileflow/adapter/sqs/handler/S3UploadEventHandlerTest.java:46: error: constructor S3UploadEventHandler in class S3UploadEventHandler cannot be applied to given types;
          handler = new S3UploadEventHandler(objectMapper, uploadSessionPort, retryTemplate, circuitBreaker);
                    ^
    required: ObjectMapper,UploadSessionPort,ChecksumVerificationService,RetryTemplate,CircuitBreaker
    found:    ObjectMapper,UploadSessionPort,RetryTemplate,CircuitBreaker
    reason: actual and formal argument lists differ in length
  /Users/sangwon-ryu/fileflow/adapter/adapter-out-aws-sqs/src/test/java/com/ryuqq/fileflow/adapter/sqs/listener/S3EventListenerIntegrationTest.java:135: error: constructor S3UploadEventHandler in class S3UploadEventHandler cannot be applied to given types;
          eventHandler = new S3UploadEventHandler(objectMapper, uploadSessionPort, retryTemplate, circuitBreaker);
                         ^
    required: ObjectMapper,UploadSessionPort,ChecksumVerificationService,RetryTemplate,CircuitBreaker
    found:    ObjectMapper,UploadSessionPort,RetryTemplate,CircuitBreaker
    reason: actual and formal argument lists differ in length
  /Users/sangwon-ryu/fileflow/adapter/adapter-out-aws-sqs/src/test/java/com/ryuqq/fileflow/adapter/sqs/config/SqsRetryConfigTest.java:211: warning: [deprecation] isRetryableSqsError(Exception) in SqsRetryConfig has been deprecated
          boolean result = SqsRetryConfig.isRetryableSqsError(exception);
                                         ^
  /Users/sangwon-ryu/fileflow/adapter/adapter-out-aws-sqs/src/test/java/com/ryuqq/fileflow/adapter/sqs/config/SqsRetryConfigTest.java:227: warning: [deprecation] isRetryableSqsError(Exception) in SqsRetryConfig has been deprecated
          boolean result = SqsRetryConfig.isRetryableSqsError(exception);
                                         ^
  /Users/sangwon-ryu/fileflow/adapter/adapter-out-aws-sqs/src/test/java/com/ryuqq/fileflow/adapter/sqs/config/SqsRetryConfigTest.java:240: warning: [deprecation] isRetryableSqsError(Exception) in SqsRetryConfig has been deprecated
          boolean result = SqsRetryConfig.isRetryableSqsError(exception);
                                         ^
  2 errors
  3 warnings

* Try:
> Check your code and dependencies to fix the compilation error(s)
> Run with --scan to get full insights.
==============================================================================

2: Task failed with an exception.
-----------
* What went wrong:
Execution failed for task ':adapter:adapter-out-redis:compileTestJava'.
> Compilation failed; see the compiler output below.
  /Users/sangwon-ryu/fileflow/adapter/adapter-out-redis/src/test/java/com/ryuqq/fileflow/adapter/redis/dto/UploadPolicyDtoTest.java:51: error: method of in class FileTypePolicies cannot be applied to given types;
          FileTypePolicies fileTypePolicies = FileTypePolicies.of(
                                                              ^
    required: ImagePolicy,VideoPolicy,HtmlPolicy,ExcelPolicy,PdfPolicy
    found:    ImagePolicy,<null>,<null>,<null>
    reason: actual and formal argument lists differ in length
  /Users/sangwon-ryu/fileflow/adapter/adapter-out-redis/src/test/java/com/ryuqq/fileflow/adapter/redis/dto/UploadPolicyDtoTest.java:116: error: method of in class FileTypePolicies cannot be applied to given types;
                      FileTypePolicies.of(ImagePolicy.createDefault(), null, null, null),
                                      ^
    required: ImagePolicy,VideoPolicy,HtmlPolicy,ExcelPolicy,PdfPolicy
    found:    ImagePolicy,<null>,<null>,<null>
    reason: actual and formal argument lists differ in length
  /Users/sangwon-ryu/fileflow/adapter/adapter-out-redis/src/test/java/com/ryuqq/fileflow/adapter/redis/dto/UploadPolicyDtoTest.java:147: error: method of in class FileTypePolicies cannot be applied to given types;
                      FileTypePolicies.of(ImagePolicy.createDefault(), null, null, null),
                                      ^
    required: ImagePolicy,VideoPolicy,HtmlPolicy,ExcelPolicy,PdfPolicy
    found:    ImagePolicy,<null>,<null>,<null>
    reason: actual and formal argument lists differ in length
  /Users/sangwon-ryu/fileflow/adapter/adapter-out-redis/src/test/java/com/ryuqq/fileflow/adapter/redis/dto/UploadPolicyDtoTest.java:167: error: method of in class FileTypePolicies cannot be applied to given types;
                      FileTypePolicies.of(ImagePolicy.createDefault(), null, null, null),
                                      ^
    required: ImagePolicy,VideoPolicy,HtmlPolicy,ExcelPolicy,PdfPolicy
    found:    ImagePolicy,<null>,<null>,<null>
    reason: actual and formal argument lists differ in length
  /Users/sangwon-ryu/fileflow/adapter/adapter-out-redis/src/test/java/com/ryuqq/fileflow/adapter/redis/dto/UploadPolicyDtoTest.java:186: error: method of in class FileTypePolicies cannot be applied to given types;
                      FileTypePolicies.of(ImagePolicy.createDefault(), null, null, null),
                                      ^
    required: ImagePolicy,VideoPolicy,HtmlPolicy,ExcelPolicy,PdfPolicy
    found:    ImagePolicy,<null>,<null>,<null>
    reason: actual and formal argument lists differ in length
  /Users/sangwon-ryu/fileflow/adapter/adapter-out-redis/src/test/java/com/ryuqq/fileflow/adapter/redis/dto/UploadPolicyDtoTest.java:302: error: method of in class FileTypePolicies cannot be applied to given types;
                      FileTypePolicies.of(ImagePolicy.createDefault(), null, null, null),
                                      ^
    required: ImagePolicy,VideoPolicy,HtmlPolicy,ExcelPolicy,PdfPolicy
    found:    ImagePolicy,<null>,<null>,<null>
    reason: actual and formal argument lists differ in length
  /Users/sangwon-ryu/fileflow/adapter/adapter-out-redis/src/test/java/com/ryuqq/fileflow/adapter/redis/dto/UploadPolicyDtoTest.java:311: error: method of in class FileTypePolicies cannot be applied to given types;
                      FileTypePolicies.of(ImagePolicy.createDefault(), null, null, null),
                                      ^
    required: ImagePolicy,VideoPolicy,HtmlPolicy,ExcelPolicy,PdfPolicy
    found:    ImagePolicy,<null>,<null>,<null>
    reason: actual and formal argument lists differ in length
  /Users/sangwon-ryu/fileflow/adapter/adapter-out-redis/src/test/java/com/ryuqq/fileflow/adapter/redis/dto/UploadPolicyDtoTest.java:355: error: method of in class FileTypePolicies cannot be applied to given types;
                      FileTypePolicies.of(ImagePolicy.createDefault(), null, null, null),
                                      ^
    required: ImagePolicy,VideoPolicy,HtmlPolicy,ExcelPolicy,PdfPolicy
    found:    ImagePolicy,<null>,<null>,<null>
    reason: actual and formal argument lists differ in length
  /Users/sangwon-ryu/fileflow/adapter/adapter-out-redis/src/test/java/com/ryuqq/fileflow/adapter/redis/dto/UploadPolicyDtoTest.java:373: error: method of in class FileTypePolicies cannot be applied to given types;
                      FileTypePolicies.of(ImagePolicy.createDefault(), null, null, null),
                                      ^
    required: ImagePolicy,VideoPolicy,HtmlPolicy,ExcelPolicy,PdfPolicy
    found:    ImagePolicy,<null>,<null>,<null>
    reason: actual and formal argument lists differ in length
  /Users/sangwon-ryu/fileflow/adapter/adapter-out-redis/src/test/java/com/ryuqq/fileflow/adapter/redis/adapter/RedisPolicyCacheAdapterTest.java:94: error: method of in class FileTypePolicies cannot be applied to given types;
          FileTypePolicies fileTypePolicies = FileTypePolicies.of(
                                                              ^
    required: ImagePolicy,VideoPolicy,HtmlPolicy,ExcelPolicy,PdfPolicy
    found:    ImagePolicy,<null>,<null>,<null>
    reason: actual and formal argument lists differ in length
  /Users/sangwon-ryu/fileflow/adapter/adapter-out-redis/src/test/java/com/ryuqq/fileflow/adapter/redis/adapter/RedisPolicyCacheAdapterTest.java:234: error: method of in class FileTypePolicies cannot be applied to given types;
          FileTypePolicies fileTypePolicies = FileTypePolicies.of(
                                                              ^
    required: ImagePolicy,VideoPolicy,HtmlPolicy,ExcelPolicy,PdfPolicy
    found:    ImagePolicy,<null>,<null>,<null>
    reason: actual and formal argument lists differ in length
  /Users/sangwon-ryu/fileflow/adapter/adapter-out-redis/src/test/java/com/ryuqq/fileflow/adapter/redis/listener/DistributedLockConcurrencyTest.java:97: warning: [removal] MockBean in org.springframework.boot.test.mock.mockito has been deprecated and marked for removal
      @MockBean
       ^
  /Users/sangwon-ryu/fileflow/adapter/adapter-out-redis/src/test/java/com/ryuqq/fileflow/adapter/redis/listener/UploadSessionExpirationListenerIntegrationTest.java:103: warning: [removal] MockBean in org.springframework.boot.test.mock.mockito has been deprecated and marked for removal
      @MockBean
       ^
  11 errors
  2 warnings

* Try:
> Check your code and dependencies to fix the compilation error(s)
> Run with --scan to get full insights.
==============================================================================

3: Task failed with an exception.
-----------
* What went wrong:
Execution failed for task ':adapter:adapter-out-persistence-jpa:compileTestJava'.
> Compilation failed; see the compiler output below.
  /Users/sangwon-ryu/fileflow/adapter/adapter-out-persistence-jpa/src/test/java/com/ryuqq/fileflow/adapter/persistence/mapper/MultipartUploadInfoJsonTest.java:83: error: method toEntity in class UploadSessionMapper cannot be applied to given types;
          UploadSessionEntity entity = mapper.toEntity(originalSession, "tenant-id");
                                             ^
    required: UploadSession,String,String
    found:    UploadSession,String
    reason: actual and formal argument lists differ in length
  /Users/sangwon-ryu/fileflow/adapter/adapter-out-persistence-jpa/src/test/java/com/ryuqq/fileflow/adapter/persistence/adapter/UploadPolicyPersistenceAdapterTest.java:77: error: method of in class FileTypePolicies cannot be applied to given types;
          FileTypePolicies fileTypePolicies = FileTypePolicies.of(
                                                              ^
    required: ImagePolicy,VideoPolicy,HtmlPolicy,ExcelPolicy,PdfPolicy
    found:    ImagePolicy,<null>,<null>,<null>
    reason: actual and formal argument lists differ in length
  /Users/sangwon-ryu/fileflow/adapter/adapter-out-persistence-jpa/src/test/java/com/ryuqq/fileflow/adapter/persistence/adapter/UploadPolicyPersistenceAdapterTest.java:155: error: method of in class FileTypePolicies cannot be applied to given types;
          FileTypePolicies newPolicies = FileTypePolicies.of(
                                                         ^
    required: ImagePolicy,VideoPolicy,HtmlPolicy,ExcelPolicy,PdfPolicy
    found:    ImagePolicy,HtmlPolicy,<null>,<null>
    reason: actual and formal argument lists differ in length
  /Users/sangwon-ryu/fileflow/adapter/adapter-out-persistence-jpa/src/test/java/com/ryuqq/fileflow/adapter/persistence/adapter/UploadPolicyPersistenceAdapterTest.java:229: error: method of in class FileTypePolicies cannot be applied to given types;
          FileTypePolicies complexPolicies = FileTypePolicies.of(
                                                             ^
    required: ImagePolicy,VideoPolicy,HtmlPolicy,ExcelPolicy,PdfPolicy
    found:    ImagePolicy,HtmlPolicy,ExcelPolicy,PdfPolicy
    reason: actual and formal argument lists differ in length
  /Users/sangwon-ryu/fileflow/adapter/adapter-out-persistence-jpa/src/test/java/com/ryuqq/fileflow/adapter/persistence/entity/UploadSessionEntityTest.java:227: error: incompatible types: long cannot be converted to String
                  1024L,
                  ^
  /Users/sangwon-ryu/fileflow/adapter/adapter-out-persistence-jpa/src/test/java/com/ryuqq/fileflow/adapter/persistence/mapper/MultipartUploadInfoJsonTest.java:76: error: incompatible types: String cannot be converted to UploadStatus
                  "UPLOADING",
                  ^
  /Users/sangwon-ryu/fileflow/adapter/adapter-out-persistence-jpa/src/test/java/com/ryuqq/fileflow/adapter/persistence/adapter/UploadPolicyPersistenceAdapterTest.java:157: error: incompatible types: HtmlPolicy cannot be converted to VideoPolicy
                  new HtmlPolicy(20, 1000, true),
                  ^
  /Users/sangwon-ryu/fileflow/adapter/adapter-out-persistence-jpa/src/test/java/com/ryuqq/fileflow/adapter/persistence/entity/UploadSessionEntityTest.java:29: error: cannot find symbol
          UploadSessionEntity.UploadStatus status = UploadSessionEntity.UploadStatus.INITIATED;
                             ^
    symbol:   class UploadStatus
    location: class UploadSessionEntity
  /Users/sangwon-ryu/fileflow/adapter/adapter-out-persistence-jpa/src/test/java/com/ryuqq/fileflow/adapter/persistence/entity/UploadSessionEntityTest.java:29: error: cannot find symbol
          UploadSessionEntity.UploadStatus status = UploadSessionEntity.UploadStatus.INITIATED;
                                                                       ^
    symbol:   variable UploadStatus
    location: class UploadSessionEntity
  /Users/sangwon-ryu/fileflow/adapter/adapter-out-persistence-jpa/src/test/java/com/ryuqq/fileflow/adapter/persistence/entity/UploadSessionEntityTest.java:70: error: cannot find symbol
          assertThat(entity.getStatus()).isEqualTo(UploadSessionEntity.UploadStatus.IN_PROGRESS);
                                                                      ^
    symbol:   variable UploadStatus
    location: class UploadSessionEntity
  /Users/sangwon-ryu/fileflow/adapter/adapter-out-persistence-jpa/src/test/java/com/ryuqq/fileflow/adapter/persistence/entity/UploadSessionEntityTest.java:86: error: cannot find symbol
          assertThat(entity.getStatus()).isEqualTo(UploadSessionEntity.UploadStatus.COMPLETED);
                                                                      ^
    symbol:   variable UploadStatus
    location: class UploadSessionEntity
  /Users/sangwon-ryu/fileflow/adapter/adapter-out-persistence-jpa/src/test/java/com/ryuqq/fileflow/adapter/persistence/entity/UploadSessionEntityTest.java:101: error: cannot find symbol
          assertThat(entity.getStatus()).isEqualTo(UploadSessionEntity.UploadStatus.FAILED);
                                                                      ^
    symbol:   variable UploadStatus
    location: class UploadSessionEntity
  /Users/sangwon-ryu/fileflow/adapter/adapter-out-persistence-jpa/src/test/java/com/ryuqq/fileflow/adapter/persistence/entity/UploadSessionEntityTest.java:114: error: cannot find symbol
          assertThat(entity.getStatus()).isEqualTo(UploadSessionEntity.UploadStatus.EXPIRED);
                                                                      ^
    symbol:   variable UploadStatus
    location: class UploadSessionEntity
  /Users/sangwon-ryu/fileflow/adapter/adapter-out-persistence-jpa/src/test/java/com/ryuqq/fileflow/adapter/persistence/entity/UploadSessionEntityTest.java:129: error: cannot find symbol
                  UploadSessionEntity.UploadStatus.INITIATED,
                                     ^
    symbol:   variable UploadStatus
    location: class UploadSessionEntity
  /Users/sangwon-ryu/fileflow/adapter/adapter-out-persistence-jpa/src/test/java/com/ryuqq/fileflow/adapter/persistence/entity/UploadSessionEntityTest.java:153: error: cannot find symbol
                  UploadSessionEntity.UploadStatus.INITIATED,
                                     ^
    symbol:   variable UploadStatus
    location: class UploadSessionEntity
  /Users/sangwon-ryu/fileflow/adapter/adapter-out-persistence-jpa/src/test/java/com/ryuqq/fileflow/adapter/persistence/entity/UploadSessionEntityTest.java:228: error: cannot find symbol
                  UploadSessionEntity.UploadStatus.INITIATED,
                                     ^
    symbol:   variable UploadStatus
    location: class UploadSessionEntity
  /Users/sangwon-ryu/fileflow/adapter/adapter-out-persistence-jpa/src/test/java/com/ryuqq/fileflow/adapter/persistence/mapper/MultipartUploadInfoJsonTest.java:61: error: cannot find symbol
                  FileType.VIDEO_MP4,
                          ^
    symbol:   variable VIDEO_MP4
    location: class FileType
  Note: Some messages have been simplified; recompile with -Xdiags:verbose to get full output
  /Users/sangwon-ryu/fileflow/adapter/adapter-out-persistence-jpa/src/test/java/com/ryuqq/fileflow/adapter/persistence/entity/UploadSessionEntityTest.java:67: error: cannot find symbol
          entity.startUpload(s3Key);
                ^
    symbol:   method startUpload(String)
    location: variable entity of type UploadSessionEntity
  /Users/sangwon-ryu/fileflow/adapter/adapter-out-persistence-jpa/src/test/java/com/ryuqq/fileflow/adapter/persistence/entity/UploadSessionEntityTest.java:80: error: cannot find symbol
          entity.startUpload("tenant/b2c/uploads/test.jpg");
                ^
    symbol:   method startUpload(String)
    location: variable entity of type UploadSessionEntity
  /Users/sangwon-ryu/fileflow/adapter/adapter-out-persistence-jpa/src/test/java/com/ryuqq/fileflow/adapter/persistence/entity/UploadSessionEntityTest.java:83: error: cannot find symbol
          entity.completeUpload();
                ^
    symbol:   method completeUpload()
    location: variable entity of type UploadSessionEntity
  /Users/sangwon-ryu/fileflow/adapter/adapter-out-persistence-jpa/src/test/java/com/ryuqq/fileflow/adapter/persistence/entity/UploadSessionEntityTest.java:95: error: cannot find symbol
          entity.startUpload("tenant/b2c/uploads/test.jpg");
                ^
    symbol:   method startUpload(String)
    location: variable entity of type UploadSessionEntity
  /Users/sangwon-ryu/fileflow/adapter/adapter-out-persistence-jpa/src/test/java/com/ryuqq/fileflow/adapter/persistence/entity/UploadSessionEntityTest.java:98: error: cannot find symbol
          entity.failUpload();
                ^
    symbol:   method failUpload()
    location: variable entity of type UploadSessionEntity
  /Users/sangwon-ryu/fileflow/adapter/adapter-out-persistence-jpa/src/test/java/com/ryuqq/fileflow/adapter/persistence/entity/UploadSessionEntityTest.java:111: error: cannot find symbol
          entity.expireSession();
                ^
    symbol:   method expireSession()
    location: variable entity of type UploadSessionEntity
  /Users/sangwon-ryu/fileflow/adapter/adapter-out-persistence-jpa/src/test/java/com/ryuqq/fileflow/adapter/persistence/entity/UploadSessionEntityTest.java:135: error: cannot find symbol
          boolean expired = entity.isExpired();
                                  ^
    symbol:   method isExpired()
    location: variable entity of type UploadSessionEntity
  /Users/sangwon-ryu/fileflow/adapter/adapter-out-persistence-jpa/src/test/java/com/ryuqq/fileflow/adapter/persistence/entity/UploadSessionEntityTest.java:159: error: cannot find symbol
          boolean expired = entity.isExpired();
                                  ^
    symbol:   method isExpired()
    location: variable entity of type UploadSessionEntity
  /Users/sangwon-ryu/fileflow/adapter/adapter-out-persistence-jpa/src/test/java/com/ryuqq/fileflow/adapter/persistence/entity/UploadSessionEntityTest.java:170: error: cannot find symbol
          entity.startUpload("tenant/b2c/uploads/test.jpg");
                ^
    symbol:   method startUpload(String)
    location: variable entity of type UploadSessionEntity
  /Users/sangwon-ryu/fileflow/adapter/adapter-out-persistence-jpa/src/test/java/com/ryuqq/fileflow/adapter/persistence/entity/UploadSessionEntityTest.java:171: error: cannot find symbol
          entity.completeUpload();
                ^
    symbol:   method completeUpload()
    location: variable entity of type UploadSessionEntity
  /Users/sangwon-ryu/fileflow/adapter/adapter-out-persistence-jpa/src/test/java/com/ryuqq/fileflow/adapter/persistence/entity/UploadSessionEntityTest.java:174: error: cannot find symbol
          boolean completed = entity.isCompleted();
                                    ^
    symbol:   method isCompleted()
    location: variable entity of type UploadSessionEntity
  /Users/sangwon-ryu/fileflow/adapter/adapter-out-persistence-jpa/src/test/java/com/ryuqq/fileflow/adapter/persistence/entity/UploadSessionEntityTest.java:187: error: cannot find symbol
          boolean completed = entity.isCompleted();
                                    ^
    symbol:   method isCompleted()
    location: variable entity of type UploadSessionEntity
  29 errors

* Try:
> Check your code and dependencies to fix the compilation error(s)
> Run with --scan to get full insights.
==============================================================================

4: Task failed with an exception.
-----------
* What went wrong:
Execution failed for task ':adapter:adapter-out-aws-s3:compileTestJava'.
> Compilation failed; see the compiler output below.
  /Users/sangwon-ryu/fileflow/adapter/adapter-out-aws-s3/src/test/java/com/ryuqq/fileflow/adapter/s3/config/S3PropertiesTest.java:24: error: constructor S3Properties in class S3Properties cannot be applied to given types;
          S3Properties properties = new S3Properties(
                                    ^
    required: String,String,String,long,String,int,long,long
    found:    String,String,long,String,int,long,long
    reason: actual and formal argument lists differ in length
  /Users/sangwon-ryu/fileflow/adapter/adapter-out-aws-s3/src/test/java/com/ryuqq/fileflow/adapter/s3/config/S3PropertiesTest.java:45: error: constructor S3Properties in class S3Properties cannot be applied to given types;
          S3Properties properties = new S3Properties(
                                    ^
    required: String,String,String,long,String,int,long,long
    found:    String,String,long,String,int,long,long
    reason: actual and formal argument lists differ in length
  /Users/sangwon-ryu/fileflow/adapter/adapter-out-aws-s3/src/test/java/com/ryuqq/fileflow/adapter/s3/config/S3PropertiesTest.java:63: error: constructor S3Properties in class S3Properties cannot be applied to given types;
          S3Properties properties = new S3Properties(
                                    ^
    required: String,String,String,long,String,int,long,long
    found:    String,String,long,<null>,int,long,long
    reason: actual and formal argument lists differ in length
  /Users/sangwon-ryu/fileflow/adapter/adapter-out-aws-s3/src/test/java/com/ryuqq/fileflow/adapter/s3/config/S3PropertiesTest.java:81: error: constructor S3Properties in class S3Properties cannot be applied to given types;
          S3Properties properties = new S3Properties(
                                    ^
    required: String,String,String,long,String,int,long,long
    found:    String,String,long,String,int,long,long
    reason: actual and formal argument lists differ in length
  /Users/sangwon-ryu/fileflow/adapter/adapter-out-aws-s3/src/test/java/com/ryuqq/fileflow/adapter/s3/config/S3PropertiesTest.java:99: error: constructor S3Properties in class S3Properties cannot be applied to given types;
          assertThatThrownBy(() -> new S3Properties(
                                   ^
    required: String,String,String,long,String,int,long,long
    found:    <null>,String,long,String,int,long,long
    reason: actual and formal argument lists differ in length
  /Users/sangwon-ryu/fileflow/adapter/adapter-out-aws-s3/src/test/java/com/ryuqq/fileflow/adapter/s3/config/S3PropertiesTest.java:116: error: constructor S3Properties in class S3Properties cannot be applied to given types;
          assertThatThrownBy(() -> new S3Properties(
                                   ^
    required: String,String,String,long,String,int,long,long
    found:    String,String,long,String,int,long,long
    reason: actual and formal argument lists differ in length
  /Users/sangwon-ryu/fileflow/adapter/adapter-out-aws-s3/src/test/java/com/ryuqq/fileflow/adapter/s3/config/S3PropertiesTest.java:133: error: constructor S3Properties in class S3Properties cannot be applied to given types;
          assertThatThrownBy(() -> new S3Properties(
                                   ^
    required: String,String,String,long,String,int,long,long
    found:    String,<null>,long,String,int,long,long
    reason: actual and formal argument lists differ in length
  /Users/sangwon-ryu/fileflow/adapter/adapter-out-aws-s3/src/test/java/com/ryuqq/fileflow/adapter/s3/config/S3PropertiesTest.java:150: error: constructor S3Properties in class S3Properties cannot be applied to given types;
          assertThatThrownBy(() -> new S3Properties(
                                   ^
    required: String,String,String,long,String,int,long,long
    found:    String,String,long,String,int,long,long
    reason: actual and formal argument lists differ in length
  /Users/sangwon-ryu/fileflow/adapter/adapter-out-aws-s3/src/test/java/com/ryuqq/fileflow/adapter/s3/config/S3PropertiesTest.java:167: error: constructor S3Properties in class S3Properties cannot be applied to given types;
          assertThatThrownBy(() -> new S3Properties(
                                   ^
    required: String,String,String,long,String,int,long,long
    found:    String,String,long,String,int,long,long
    reason: actual and formal argument lists differ in length
  /Users/sangwon-ryu/fileflow/adapter/adapter-out-aws-s3/src/test/java/com/ryuqq/fileflow/adapter/s3/config/S3PropertiesTest.java:179: error: constructor S3Properties in class S3Properties cannot be applied to given types;
          assertThatThrownBy(() -> new S3Properties(
                                   ^
    required: String,String,String,long,String,int,long,long
    found:    String,String,long,String,int,long,long
    reason: actual and formal argument lists differ in length
  /Users/sangwon-ryu/fileflow/adapter/adapter-out-aws-s3/src/test/java/com/ryuqq/fileflow/adapter/s3/config/S3PropertiesTest.java:196: error: constructor S3Properties in class S3Properties cannot be applied to given types;
          assertThatThrownBy(() -> new S3Properties(
                                   ^
    required: String,String,String,long,String,int,long,long
    found:    String,String,long,String,int,long,long
    reason: actual and formal argument lists differ in length
  /Users/sangwon-ryu/fileflow/adapter/adapter-out-aws-s3/src/test/java/com/ryuqq/fileflow/adapter/s3/config/S3PropertiesTest.java:213: error: constructor S3Properties in class S3Properties cannot be applied to given types;
          S3Properties properties1 = new S3Properties(
                                     ^
    required: String,String,String,long,String,int,long,long
    found:    String,String,long,String,int,long,long
    reason: actual and formal argument lists differ in length
  /Users/sangwon-ryu/fileflow/adapter/adapter-out-aws-s3/src/test/java/com/ryuqq/fileflow/adapter/s3/config/S3PropertiesTest.java:225: error: constructor S3Properties in class S3Properties cannot be applied to given types;
          S3Properties properties60 = new S3Properties(
                                      ^
    required: String,String,String,long,String,int,long,long
    found:    String,String,long,String,int,long,long
    reason: actual and formal argument lists differ in length
  /Users/sangwon-ryu/fileflow/adapter/adapter-out-aws-s3/src/test/java/com/ryuqq/fileflow/adapter/s3/adapter/S3MultipartAdapterTest.java:71: error: constructor S3Properties in class S3Properties cannot be applied to given types;
          s3Properties = new S3Properties(
                         ^
    required: String,String,String,long,String,int,long,long
    found:    String,String,long,String,int,long,long
    reason: actual and formal argument lists differ in length
  /Users/sangwon-ryu/fileflow/adapter/adapter-out-aws-s3/src/test/java/com/ryuqq/fileflow/adapter/s3/adapter/S3MultipartAdapterTest.java:613: error: constructor S3Properties in class S3Properties cannot be applied to given types;
              S3Properties propertiesWithoutPrefix = new S3Properties(
                                                     ^
    required: String,String,String,long,String,int,long,long
    found:    String,String,long,String,int,long,long
    reason: actual and formal argument lists differ in length
  /Users/sangwon-ryu/fileflow/adapter/adapter-out-aws-s3/src/test/java/com/ryuqq/fileflow/adapter/s3/adapter/S3PresignedUrlAdapterTest.java:58: error: constructor S3Properties in class S3Properties cannot be applied to given types;
          s3Properties = new S3Properties(
                         ^
    required: String,String,String,long,String,int,long,long
    found:    String,String,long,String,int,long,long
    reason: actual and formal argument lists differ in length
  /Users/sangwon-ryu/fileflow/adapter/adapter-out-aws-s3/src/test/java/com/ryuqq/fileflow/adapter/s3/adapter/S3PresignedUrlAdapterTest.java:102: error: constructor S3Properties in class S3Properties cannot be applied to given types;
          S3Properties propertiesWithoutPrefix = new S3Properties(
                                                 ^
    required: String,String,String,long,String,int,long,long
    found:    String,String,long,String,int,long,long
    reason: actual and formal argument lists differ in length
  /Users/sangwon-ryu/fileflow/adapter/adapter-out-aws-s3/src/test/java/com/ryuqq/fileflow/adapter/s3/adapter/S3PresignedUrlAdapterIntegrationTest.java:103: error: constructor S3Properties in class S3Properties cannot be applied to given types;
          S3Properties properties = new S3Properties(
                                    ^
    required: String,String,String,long,String,int,long,long
    found:    String,String,long,String,int,long,long
    reason: actual and formal argument lists differ in length
  /Users/sangwon-ryu/fileflow/adapter/adapter-out-aws-s3/src/test/java/com/ryuqq/fileflow/adapter/s3/adapter/S3MultipartAdapterIntegrationTest.java:110: error: constructor S3Properties in class S3Properties cannot be applied to given types;
          S3Properties properties = new S3Properties(
                                    ^
    required: String,String,String,long,String,int,long,long
    found:    String,String,long,String,int,long,long
    reason: actual and formal argument lists differ in length
  /Users/sangwon-ryu/fileflow/adapter/adapter-out-aws-s3/src/test/java/com/ryuqq/fileflow/adapter/s3/config/S3RetryConfigTest.java:212: warning: [deprecation] isRetryableS3Error(Exception) in S3RetryConfig has been deprecated
          boolean result = S3RetryConfig.isRetryableS3Error(exception);
                                        ^
  /Users/sangwon-ryu/fileflow/adapter/adapter-out-aws-s3/src/test/java/com/ryuqq/fileflow/adapter/s3/config/S3RetryConfigTest.java:228: warning: [deprecation] isRetryableS3Error(Exception) in S3RetryConfig has been deprecated
          boolean result = S3RetryConfig.isRetryableS3Error(exception);
                                        ^
  /Users/sangwon-ryu/fileflow/adapter/adapter-out-aws-s3/src/test/java/com/ryuqq/fileflow/adapter/s3/config/S3RetryConfigTest.java:241: warning: [deprecation] isRetryableS3Error(Exception) in S3RetryConfig has been deprecated
          boolean result = S3RetryConfig.isRetryableS3Error(exception);
                                        ^
  /Users/sangwon-ryu/fileflow/adapter/adapter-out-aws-s3/src/test/java/com/ryuqq/fileflow/adapter/s3/adapter/S3PresignedUrlAdapterTest.java:75: warning: [deprecation] URL(String) in URL has been deprecated
          URL mockUrl = new URL("https://test-bucket.s3.ap-northeast-2.amazonaws.com/uploads/user123/uuid/test.jpg?signature=xxx");
                        ^
  /Users/sangwon-ryu/fileflow/adapter/adapter-out-aws-s3/src/test/java/com/ryuqq/fileflow/adapter/s3/adapter/S3PresignedUrlAdapterTest.java:114: warning: [deprecation] URL(String) in URL has been deprecated
          URL mockUrl = new URL("https://test-bucket.s3.ap-northeast-2.amazonaws.com/user123/uuid/test.jpg?signature=xxx");
                        ^
  /Users/sangwon-ryu/fileflow/adapter/adapter-out-aws-s3/src/test/java/com/ryuqq/fileflow/adapter/s3/adapter/S3PresignedUrlAdapterTest.java:136: warning: [deprecation] URL(String) in URL has been deprecated
          URL mockUrl = new URL("https://test-bucket.s3.ap-northeast-2.amazonaws.com/test.jpg");
                        ^
  /Users/sangwon-ryu/fileflow/adapter/adapter-out-aws-s3/src/test/java/com/ryuqq/fileflow/adapter/s3/adapter/S3PresignedUrlAdapterTest.java:191: warning: [deprecation] URL(String) in URL has been deprecated
          URL mockUrl = new URL("https://test-bucket.s3.ap-northeast-2.amazonaws.com/test.jpg");
                        ^
  /Users/sangwon-ryu/fileflow/adapter/adapter-out-aws-s3/src/test/java/com/ryuqq/fileflow/adapter/s3/adapter/S3PresignedUrlAdapterIntegrationTest.java:242: warning: [deprecation] URL(String) in URL has been deprecated
          URL url = new URL(presignedUrl);
                    ^
  19 errors
  8 warnings

* Try:
> Check your code and dependencies to fix the compilation error(s)
> Run with --scan to get full insights.
==============================================================================

5: Task failed with an exception.
-----------
* What went wrong:
Execution failed for task ':application:compileTestJava'.
> Compilation failed; see the compiler output below.
  /Users/sangwon-ryu/fileflow/application/src/test/java/com/ryuqq/fileflow/application/policy/service/UpdateUploadPolicyServiceTest.java:52: error: method of in class FileTypePolicies cannot be applied to given types;
                  FileTypePolicies.of(ImagePolicy.createDefault(), null, null, null),
                                  ^
    required: ImagePolicy,VideoPolicy,HtmlPolicy,ExcelPolicy,PdfPolicy
    found:    ImagePolicy,<null>,<null>,<null>
    reason: actual and formal argument lists differ in length
  /Users/sangwon-ryu/fileflow/application/src/test/java/com/ryuqq/fileflow/application/policy/service/UpdateUploadPolicyServiceTest.java:59: error: constructor UpdateUploadPolicyCommand in record UpdateUploadPolicyCommand cannot be applied to given types;
          UpdateUploadPolicyCommand command = new UpdateUploadPolicyCommand(
                                              ^
    required: PolicyKeyDto,ImagePolicy,VideoPolicy,HtmlPolicy,ExcelPolicy,PdfPolicy,String
    found:    PolicyKeyDto,ImagePolicy,<null>,<null>,<null>,String
    reason: actual and formal argument lists differ in length
  /Users/sangwon-ryu/fileflow/application/src/test/java/com/ryuqq/fileflow/application/policy/service/UpdateUploadPolicyServiceTest.java:81: error: constructor UpdateUploadPolicyCommand in record UpdateUploadPolicyCommand cannot be applied to given types;
          UpdateUploadPolicyCommand command = new UpdateUploadPolicyCommand(
                                              ^
    required: PolicyKeyDto,ImagePolicy,VideoPolicy,HtmlPolicy,ExcelPolicy,PdfPolicy,String
    found:    PolicyKeyDto,ImagePolicy,<null>,<null>,<null>,String
    reason: actual and formal argument lists differ in length
  /Users/sangwon-ryu/fileflow/application/src/test/java/com/ryuqq/fileflow/application/policy/service/ActivateUploadPolicyServiceTest.java:51: error: method of in class FileTypePolicies cannot be applied to given types;
                  FileTypePolicies.of(ImagePolicy.createDefault(), null, null, null),
                                  ^
    required: ImagePolicy,VideoPolicy,HtmlPolicy,ExcelPolicy,PdfPolicy
    found:    ImagePolicy,<null>,<null>,<null>
    reason: actual and formal argument lists differ in length
  /Users/sangwon-ryu/fileflow/application/src/test/java/com/ryuqq/fileflow/application/policy/service/ActivateUploadPolicyServiceTest.java:85: error: method of in class FileTypePolicies cannot be applied to given types;
                  FileTypePolicies.of(ImagePolicy.createDefault(), null, null, null),
                                  ^
    required: ImagePolicy,VideoPolicy,HtmlPolicy,ExcelPolicy,PdfPolicy
    found:    ImagePolicy,<null>,<null>,<null>
    reason: actual and formal argument lists differ in length
  /Users/sangwon-ryu/fileflow/application/src/test/java/com/ryuqq/fileflow/application/policy/service/UploadPolicyValidationServiceTest.java:352: error: method of in class FileTypePolicies cannot be applied to given types;
                  FileTypePolicies.of(imagePolicy, null, null, null),
                                  ^
    required: ImagePolicy,VideoPolicy,HtmlPolicy,ExcelPolicy,PdfPolicy
    found:    ImagePolicy,<null>,<null>,<null>
    reason: actual and formal argument lists differ in length
  /Users/sangwon-ryu/fileflow/application/src/test/java/com/ryuqq/fileflow/application/policy/service/UploadPolicyValidationServiceTest.java:366: error: method of in class FileTypePolicies cannot be applied to given types;
                  FileTypePolicies.of(imagePolicy, null, null, null),
                                  ^
    required: ImagePolicy,VideoPolicy,HtmlPolicy,ExcelPolicy,PdfPolicy
    found:    ImagePolicy,<null>,<null>,<null>
    reason: actual and formal argument lists differ in length
  /Users/sangwon-ryu/fileflow/application/src/test/java/com/ryuqq/fileflow/application/policy/service/CreateUploadPolicyServiceTest.java:49: error: constructor CreateUploadPolicyCommand in record CreateUploadPolicyCommand cannot be applied to given types;
          CreateUploadPolicyCommand command = new CreateUploadPolicyCommand(
                                              ^
    required: PolicyKeyDto,ImagePolicy,VideoPolicy,HtmlPolicy,ExcelPolicy,PdfPolicy,int,int,LocalDateTime,LocalDateTime
    found:    PolicyKeyDto,ImagePolicy,<null>,<null>,<null>,int,int,LocalDateTime,LocalDateTime
    reason: actual and formal argument lists differ in length
  /Users/sangwon-ryu/fileflow/application/src/test/java/com/ryuqq/fileflow/application/policy/service/CreateUploadPolicyServiceTest.java:82: error: method of in class FileTypePolicies cannot be applied to given types;
                  FileTypePolicies.of(imagePolicy, null, null, null),
                                  ^
    required: ImagePolicy,VideoPolicy,HtmlPolicy,ExcelPolicy,PdfPolicy
    found:    ImagePolicy,<null>,<null>,<null>
    reason: actual and formal argument lists differ in length
  /Users/sangwon-ryu/fileflow/application/src/test/java/com/ryuqq/fileflow/application/policy/service/CreateUploadPolicyServiceTest.java:89: error: constructor CreateUploadPolicyCommand in record CreateUploadPolicyCommand cannot be applied to given types;
          CreateUploadPolicyCommand command = new CreateUploadPolicyCommand(
                                              ^
    required: PolicyKeyDto,ImagePolicy,VideoPolicy,HtmlPolicy,ExcelPolicy,PdfPolicy,int,int,LocalDateTime,LocalDateTime
    found:    PolicyKeyDto,ImagePolicy,<null>,<null>,<null>,int,int,LocalDateTime,LocalDateTime
    reason: actual and formal argument lists differ in length
  /Users/sangwon-ryu/fileflow/application/src/test/java/com/ryuqq/fileflow/application/policy/service/GetUploadPolicyServiceTest.java:49: error: method of in class FileTypePolicies cannot be applied to given types;
                  FileTypePolicies.of(ImagePolicy.createDefault(), null, null, null),
                                  ^
    required: ImagePolicy,VideoPolicy,HtmlPolicy,ExcelPolicy,PdfPolicy
    found:    ImagePolicy,<null>,<null>,<null>
    reason: actual and formal argument lists differ in length
  /Users/sangwon-ryu/fileflow/application/src/test/java/com/ryuqq/fileflow/application/policy/service/GetUploadPolicyServiceTest.java:83: error: method of in class FileTypePolicies cannot be applied to given types;
                  FileTypePolicies.of(ImagePolicy.createDefault(), null, null, null),
                                  ^
    required: ImagePolicy,VideoPolicy,HtmlPolicy,ExcelPolicy,PdfPolicy
    found:    ImagePolicy,<null>,<null>,<null>
    reason: actual and formal argument lists differ in length
  /Users/sangwon-ryu/fileflow/application/src/test/java/com/ryuqq/fileflow/application/policy/service/GetUploadPolicyServiceTest.java:113: error: method of in class FileTypePolicies cannot be applied to given types;
                  FileTypePolicies.of(ImagePolicy.createDefault(), null, null, null),
                                  ^
    required: ImagePolicy,VideoPolicy,HtmlPolicy,ExcelPolicy,PdfPolicy
    found:    ImagePolicy,<null>,<null>,<null>
    reason: actual and formal argument lists differ in length
  /Users/sangwon-ryu/fileflow/application/src/test/java/com/ryuqq/fileflow/application/policy/service/DeactivateUploadPolicyServiceTest.java:51: error: method of in class FileTypePolicies cannot be applied to given types;
                  FileTypePolicies.of(ImagePolicy.createDefault(), null, null, null),
                                  ^
    required: ImagePolicy,VideoPolicy,HtmlPolicy,ExcelPolicy,PdfPolicy
    found:    ImagePolicy,<null>,<null>,<null>
    reason: actual and formal argument lists differ in length
  /Users/sangwon-ryu/fileflow/application/src/test/java/com/ryuqq/fileflow/application/policy/service/DeactivateUploadPolicyServiceTest.java:85: error: method of in class FileTypePolicies cannot be applied to given types;
                  FileTypePolicies.of(ImagePolicy.createDefault(), null, null, null),
                                  ^
    required: ImagePolicy,VideoPolicy,HtmlPolicy,ExcelPolicy,PdfPolicy
    found:    ImagePolicy,<null>,<null>,<null>
    reason: actual and formal argument lists differ in length
  /Users/sangwon-ryu/fileflow/application/src/test/java/com/ryuqq/fileflow/application/policy/service/DeleteUploadPolicyServiceTest.java:49: error: method of in class FileTypePolicies cannot be applied to given types;
                  FileTypePolicies.of(ImagePolicy.createDefault(), null, null, null),
                                  ^
    required: ImagePolicy,VideoPolicy,HtmlPolicy,ExcelPolicy,PdfPolicy
    found:    ImagePolicy,<null>,<null>,<null>
    reason: actual and formal argument lists differ in length
  /Users/sangwon-ryu/fileflow/application/src/test/java/com/ryuqq/fileflow/application/policy/service/DeleteUploadPolicyServiceTest.java:69: error: method of in class FileTypePolicies cannot be applied to given types;
                  FileTypePolicies.of(ImagePolicy.createDefault(), null, null, null),
                                  ^
    required: ImagePolicy,VideoPolicy,HtmlPolicy,ExcelPolicy,PdfPolicy
    found:    ImagePolicy,<null>,<null>,<null>
    reason: actual and formal argument lists differ in length
  /Users/sangwon-ryu/fileflow/application/src/test/java/com/ryuqq/fileflow/application/upload/service/ConfirmUploadServiceTest.java:56: error: constructor ConfirmUploadService in class ConfirmUploadService cannot be applied to given types;
          confirmUploadService = new ConfirmUploadService(
                                 ^
    required: UploadSessionPort,VerifyS3ObjectPort,ChecksumVerificationService,String
    found:    UploadSessionPort,VerifyS3ObjectPort,String
    reason: actual and formal argument lists differ in length
  /Users/sangwon-ryu/fileflow/application/src/test/java/com/ryuqq/fileflow/application/upload/service/ConfirmUploadServiceTest.java:73: error: constructor ConfirmUploadCommand in record ConfirmUploadCommand cannot be applied to given types;
              ConfirmUploadCommand command = new ConfirmUploadCommand(actualSessionId, null);
                                             ^
    required: String,String,String
    found:    String,<null>
    reason: actual and formal argument lists differ in length
  /Users/sangwon-ryu/fileflow/application/src/test/java/com/ryuqq/fileflow/application/upload/service/ConfirmUploadServiceTest.java:99: error: constructor ConfirmUploadCommand in record ConfirmUploadCommand cannot be applied to given types;
              ConfirmUploadCommand command = new ConfirmUploadCommand(actualSessionId, ETAG);
                                             ^
    required: String,String,String
    found:    String,String
    reason: actual and formal argument lists differ in length
  /Users/sangwon-ryu/fileflow/application/src/test/java/com/ryuqq/fileflow/application/upload/service/ConfirmUploadServiceTest.java:123: error: constructor ConfirmUploadCommand in record ConfirmUploadCommand cannot be applied to given types;
              ConfirmUploadCommand command = new ConfirmUploadCommand(actualSessionId, ETAG);
                                             ^
    required: String,String,String
    found:    String,String
    reason: actual and formal argument lists differ in length
  /Users/sangwon-ryu/fileflow/application/src/test/java/com/ryuqq/fileflow/application/upload/service/ConfirmUploadServiceTest.java:156: error: constructor ConfirmUploadCommand in record ConfirmUploadCommand cannot be applied to given types;
              assertThatThrownBy(() -> new ConfirmUploadCommand(null, ETAG))
                                       ^
    required: String,String,String
    found:    <null>,String
    reason: actual and formal argument lists differ in length
  /Users/sangwon-ryu/fileflow/application/src/test/java/com/ryuqq/fileflow/application/upload/service/ConfirmUploadServiceTest.java:166: error: constructor ConfirmUploadCommand in record ConfirmUploadCommand cannot be applied to given types;
              ConfirmUploadCommand command = new ConfirmUploadCommand(testSessionId, ETAG);
                                             ^
    required: String,String,String
    found:    String,String
    reason: actual and formal argument lists differ in length
  /Users/sangwon-ryu/fileflow/application/src/test/java/com/ryuqq/fileflow/application/upload/service/ConfirmUploadServiceTest.java:183: error: constructor ConfirmUploadCommand in record ConfirmUploadCommand cannot be applied to given types;
              ConfirmUploadCommand command = new ConfirmUploadCommand(actualSessionId, ETAG);
                                             ^
    required: String,String,String
    found:    String,String
    reason: actual and formal argument lists differ in length
  /Users/sangwon-ryu/fileflow/application/src/test/java/com/ryuqq/fileflow/application/upload/service/ConfirmUploadServiceTest.java:201: error: constructor ConfirmUploadCommand in record ConfirmUploadCommand cannot be applied to given types;
              ConfirmUploadCommand command = new ConfirmUploadCommand(actualSessionId, ETAG);
                                             ^
    required: String,String,String
    found:    String,String
    reason: actual and formal argument lists differ in length
  /Users/sangwon-ryu/fileflow/application/src/test/java/com/ryuqq/fileflow/application/upload/service/ConfirmUploadServiceTest.java:220: error: constructor ConfirmUploadCommand in record ConfirmUploadCommand cannot be applied to given types;
              ConfirmUploadCommand command = new ConfirmUploadCommand(actualSessionId, ETAG);
                                             ^
    required: String,String,String
    found:    String,String
    reason: actual and formal argument lists differ in length
  /Users/sangwon-ryu/fileflow/application/src/test/java/com/ryuqq/fileflow/application/upload/service/UploadSessionServiceTest.java:65: error: constructor UploadSessionService in class UploadSessionService cannot be applied to given types;
          uploadSessionService = new UploadSessionService(
                                 ^
    required: UploadSessionPort,GeneratePresignedUrlPort,ValidateUploadPolicyUseCase,UploadSessionPersistenceService,MultipartProgressPort
    found:    UploadSessionPort,GeneratePresignedUrlPort,ValidateUploadPolicyUseCase,UploadSessionPersistenceService
    reason: actual and formal argument lists differ in length
  /Users/sangwon-ryu/fileflow/application/src/test/java/com/ryuqq/fileflow/application/config/MetricsRetryListenerTest.java:32: warning: [unchecked] unchecked conversion
          retryCallback = mock(RetryCallback.class);
                              ^
    required: RetryCallback<Object,Throwable>
    found:    RetryCallback
  27 errors
  1 warning

* Try:
> Check your code and dependencies to fix the compilation error(s)
> Run with --scan to get full insights.
==============================================================================

6: Task failed with an exception.
-----------
* What went wrong:
Execution failed for task ':domain:compileTestJava'.
> Compilation failed; see the compiler output below.
  /Users/sangwon-ryu/fileflow/domain/src/test/java/com/ryuqq/fileflow/domain/policy/vo/FileAttributesTest.java:19: error: constructor FileAttributes in record FileAttributes cannot be applied to given types;
          FileAttributes attrs = new FileAttributes(
                                 ^
    required: long,int,String,Dimension,Integer,Integer,Integer,Integer
    found:    int,int,String,Dimension,<null>,<null>,<null>
    reason: actual and formal argument lists differ in length
  /Users/sangwon-ryu/fileflow/domain/src/test/java/com/ryuqq/fileflow/domain/policy/vo/FileAttributesTest.java:149: error: constructor FileAttributes in record FileAttributes cannot be applied to given types;
          assertThatThrownBy(() -> new FileAttributes(-1, 1, null, null, null, null, null))
                                   ^
    required: long,int,String,Dimension,Integer,Integer,Integer,Integer
    found:    int,int,<null>,<null>,<null>,<null>,<null>
    reason: actual and formal argument lists differ in length
  /Users/sangwon-ryu/fileflow/domain/src/test/java/com/ryuqq/fileflow/domain/policy/vo/FileAttributesTest.java:158: error: constructor FileAttributes in record FileAttributes cannot be applied to given types;
          assertThatThrownBy(() -> new FileAttributes(1024, -1, null, null, null, null, null))
                                   ^
    required: long,int,String,Dimension,Integer,Integer,Integer,Integer
    found:    int,int,<null>,<null>,<null>,<null>,<null>
    reason: actual and formal argument lists differ in length
  /Users/sangwon-ryu/fileflow/domain/src/test/java/com/ryuqq/fileflow/domain/policy/vo/FileTypePoliciesIntegrationTest.java:23: error: method of in class FileTypePolicies cannot be applied to given types;
          FileTypePolicies policies = FileTypePolicies.of(null, htmlPolicy, null, null);
                                                      ^
    required: ImagePolicy,VideoPolicy,HtmlPolicy,ExcelPolicy,PdfPolicy
    found:    <null>,HtmlPolicy,<null>,<null>
    reason: actual and formal argument lists differ in length
  /Users/sangwon-ryu/fileflow/domain/src/test/java/com/ryuqq/fileflow/domain/policy/vo/FileTypePoliciesIntegrationTest.java:39: error: method of in class FileTypePolicies cannot be applied to given types;
          FileTypePolicies policies = FileTypePolicies.of(null, htmlPolicy, null, null);
                                                      ^
    required: ImagePolicy,VideoPolicy,HtmlPolicy,ExcelPolicy,PdfPolicy
    found:    <null>,HtmlPolicy,<null>,<null>
    reason: actual and formal argument lists differ in length
  /Users/sangwon-ryu/fileflow/domain/src/test/java/com/ryuqq/fileflow/domain/policy/vo/FileTypePoliciesIntegrationTest.java:55: error: method of in class FileTypePolicies cannot be applied to given types;
          FileTypePolicies policies = FileTypePolicies.of(imagePolicy, null, null, null);
                                                      ^
    required: ImagePolicy,VideoPolicy,HtmlPolicy,ExcelPolicy,PdfPolicy
    found:    ImagePolicy,<null>,<null>,<null>
    reason: actual and formal argument lists differ in length
  /Users/sangwon-ryu/fileflow/domain/src/test/java/com/ryuqq/fileflow/domain/policy/vo/FileTypePoliciesIntegrationTest.java:72: error: method of in class FileTypePolicies cannot be applied to given types;
          FileTypePolicies policies = FileTypePolicies.of(null, null, excelPolicy, null);
                                                      ^
    required: ImagePolicy,VideoPolicy,HtmlPolicy,ExcelPolicy,PdfPolicy
    found:    <null>,<null>,ExcelPolicy,<null>
    reason: actual and formal argument lists differ in length
  /Users/sangwon-ryu/fileflow/domain/src/test/java/com/ryuqq/fileflow/domain/policy/vo/FileTypePoliciesIntegrationTest.java:88: error: method of in class FileTypePolicies cannot be applied to given types;
          FileTypePolicies policies = FileTypePolicies.of(null, null, excelPolicy, null);
                                                      ^
    required: ImagePolicy,VideoPolicy,HtmlPolicy,ExcelPolicy,PdfPolicy
    found:    <null>,<null>,ExcelPolicy,<null>
    reason: actual and formal argument lists differ in length
  /Users/sangwon-ryu/fileflow/domain/src/test/java/com/ryuqq/fileflow/domain/policy/vo/FileTypePoliciesIntegrationTest.java:104: error: method of in class FileTypePolicies cannot be applied to given types;
          FileTypePolicies policies = FileTypePolicies.of(imagePolicy, null, null, null);
                                                      ^
    required: ImagePolicy,VideoPolicy,HtmlPolicy,ExcelPolicy,PdfPolicy
    found:    ImagePolicy,<null>,<null>,<null>
    reason: actual and formal argument lists differ in length
  /Users/sangwon-ryu/fileflow/domain/src/test/java/com/ryuqq/fileflow/domain/policy/vo/FileTypePoliciesIntegrationTest.java:121: error: method of in class FileTypePolicies cannot be applied to given types;
          FileTypePolicies policies = FileTypePolicies.of(null, null, null, pdfPolicy);
                                                      ^
    required: ImagePolicy,VideoPolicy,HtmlPolicy,ExcelPolicy,PdfPolicy
    found:    <null>,<null>,<null>,PdfPolicy
    reason: actual and formal argument lists differ in length
  /Users/sangwon-ryu/fileflow/domain/src/test/java/com/ryuqq/fileflow/domain/policy/vo/FileTypePoliciesIntegrationTest.java:137: error: method of in class FileTypePolicies cannot be applied to given types;
          FileTypePolicies policies = FileTypePolicies.of(null, null, null, pdfPolicy);
                                                      ^
    required: ImagePolicy,VideoPolicy,HtmlPolicy,ExcelPolicy,PdfPolicy
    found:    <null>,<null>,<null>,PdfPolicy
    reason: actual and formal argument lists differ in length
  /Users/sangwon-ryu/fileflow/domain/src/test/java/com/ryuqq/fileflow/domain/policy/vo/FileTypePoliciesIntegrationTest.java:153: error: method of in class FileTypePolicies cannot be applied to given types;
          FileTypePolicies policies = FileTypePolicies.of(imagePolicy, null, null, null);
                                                      ^
    required: ImagePolicy,VideoPolicy,HtmlPolicy,ExcelPolicy,PdfPolicy
    found:    ImagePolicy,<null>,<null>,<null>
    reason: actual and formal argument lists differ in length
  /Users/sangwon-ryu/fileflow/domain/src/test/java/com/ryuqq/fileflow/domain/policy/vo/FileTypePoliciesIntegrationTest.java:170: error: method of in class FileTypePolicies cannot be applied to given types;
          FileTypePolicies policies = FileTypePolicies.of(null, htmlPolicy, null, null);
                                                      ^
    required: ImagePolicy,VideoPolicy,HtmlPolicy,ExcelPolicy,PdfPolicy
    found:    <null>,HtmlPolicy,<null>,<null>
    reason: actual and formal argument lists differ in length
  /Users/sangwon-ryu/fileflow/domain/src/test/java/com/ryuqq/fileflow/domain/policy/vo/FileTypePoliciesIntegrationTest.java:184: error: method of in class FileTypePolicies cannot be applied to given types;
          FileTypePolicies policies = FileTypePolicies.of(null, null, excelPolicy, null);
                                                      ^
    required: ImagePolicy,VideoPolicy,HtmlPolicy,ExcelPolicy,PdfPolicy
    found:    <null>,<null>,ExcelPolicy,<null>
    reason: actual and formal argument lists differ in length
  /Users/sangwon-ryu/fileflow/domain/src/test/java/com/ryuqq/fileflow/domain/policy/vo/FileTypePoliciesIntegrationTest.java:198: error: method of in class FileTypePolicies cannot be applied to given types;
          FileTypePolicies policies = FileTypePolicies.of(null, htmlPolicy, null, null);
                                                      ^
    required: ImagePolicy,VideoPolicy,HtmlPolicy,ExcelPolicy,PdfPolicy
    found:    <null>,HtmlPolicy,<null>,<null>
    reason: actual and formal argument lists differ in length
  /Users/sangwon-ryu/fileflow/domain/src/test/java/com/ryuqq/fileflow/domain/policy/vo/FileTypePoliciesIntegrationTest.java:209: error: method of in class FileTypePolicies cannot be applied to given types;
          FileTypePolicies policies = FileTypePolicies.of(null, null, excelPolicy, null);
                                                      ^
    required: ImagePolicy,VideoPolicy,HtmlPolicy,ExcelPolicy,PdfPolicy
    found:    <null>,<null>,ExcelPolicy,<null>
    reason: actual and formal argument lists differ in length
  /Users/sangwon-ryu/fileflow/domain/src/test/java/com/ryuqq/fileflow/domain/policy/vo/FileTypePoliciesIntegrationTest.java:220: error: method of in class FileTypePolicies cannot be applied to given types;
          FileTypePolicies policies = FileTypePolicies.of(null, null, null, pdfPolicy);
                                                      ^
    required: ImagePolicy,VideoPolicy,HtmlPolicy,ExcelPolicy,PdfPolicy
    found:    <null>,<null>,<null>,PdfPolicy
    reason: actual and formal argument lists differ in length
  /Users/sangwon-ryu/fileflow/domain/src/test/java/com/ryuqq/fileflow/domain/policy/vo/FileTypePoliciesIntegrationTest.java:232: error: method of in class FileTypePolicies cannot be applied to given types;
          FileTypePolicies policies = FileTypePolicies.of(imagePolicy, null, null, null);
                                                      ^
    required: ImagePolicy,VideoPolicy,HtmlPolicy,ExcelPolicy,PdfPolicy
    found:    ImagePolicy,<null>,<null>,<null>
    reason: actual and formal argument lists differ in length
  /Users/sangwon-ryu/fileflow/domain/src/test/java/com/ryuqq/fileflow/domain/policy/vo/FileTypePoliciesIntegrationTest.java:245: error: method of in class FileTypePolicies cannot be applied to given types;
          FileTypePolicies policies = FileTypePolicies.of(null, htmlPolicy, excelPolicy, pdfPolicy);
                                                      ^
    required: ImagePolicy,VideoPolicy,HtmlPolicy,ExcelPolicy,PdfPolicy
    found:    <null>,HtmlPolicy,ExcelPolicy,PdfPolicy
    reason: actual and formal argument lists differ in length
  /Users/sangwon-ryu/fileflow/domain/src/test/java/com/ryuqq/fileflow/domain/policy/vo/FileTypePoliciesIntegrationTest.java:256: error: method of in class FileTypePolicies cannot be applied to given types;
          FileTypePolicies policies1 = FileTypePolicies.of(null, htmlPolicy, null, null);
                                                       ^
    required: ImagePolicy,VideoPolicy,HtmlPolicy,ExcelPolicy,PdfPolicy
    found:    <null>,HtmlPolicy,<null>,<null>
    reason: actual and formal argument lists differ in length
  /Users/sangwon-ryu/fileflow/domain/src/test/java/com/ryuqq/fileflow/domain/policy/vo/FileTypePoliciesIntegrationTest.java:257: error: method of in class FileTypePolicies cannot be applied to given types;
          FileTypePolicies policies2 = FileTypePolicies.of(null, htmlPolicy, null, null);
                                                       ^
    required: ImagePolicy,VideoPolicy,HtmlPolicy,ExcelPolicy,PdfPolicy
    found:    <null>,HtmlPolicy,<null>,<null>
    reason: actual and formal argument lists differ in length
  /Users/sangwon-ryu/fileflow/domain/src/test/java/com/ryuqq/fileflow/domain/policy/vo/FileTypePoliciesIntegrationTest.java:270: error: method of in class FileTypePolicies cannot be applied to given types;
          FileTypePolicies policies1 = FileTypePolicies.of(null, htmlPolicy1, null, null);
                                                       ^
    required: ImagePolicy,VideoPolicy,HtmlPolicy,ExcelPolicy,PdfPolicy
    found:    <null>,HtmlPolicy,<null>,<null>
    reason: actual and formal argument lists differ in length
  /Users/sangwon-ryu/fileflow/domain/src/test/java/com/ryuqq/fileflow/domain/policy/vo/FileTypePoliciesIntegrationTest.java:271: error: method of in class FileTypePolicies cannot be applied to given types;
          FileTypePolicies policies2 = FileTypePolicies.of(null, htmlPolicy2, null, null);
                                                       ^
    required: ImagePolicy,VideoPolicy,HtmlPolicy,ExcelPolicy,PdfPolicy
    found:    <null>,HtmlPolicy,<null>,<null>
    reason: actual and formal argument lists differ in length
  /Users/sangwon-ryu/fileflow/domain/src/test/java/com/ryuqq/fileflow/domain/policy/vo/FileTypePoliciesIntegrationTest.java:282: error: method of in class FileTypePolicies cannot be applied to given types;
          FileTypePolicies policies = FileTypePolicies.of(null, htmlPolicy, null, null);
                                                      ^
    required: ImagePolicy,VideoPolicy,HtmlPolicy,ExcelPolicy,PdfPolicy
    found:    <null>,HtmlPolicy,<null>,<null>
    reason: actual and formal argument lists differ in length
  /Users/sangwon-ryu/fileflow/domain/src/test/java/com/ryuqq/fileflow/domain/policy/vo/FileTypePoliciesIntegrationTest.java:293: error: method of in class FileTypePolicies cannot be applied to given types;
          FileTypePolicies policies = FileTypePolicies.of(null, htmlPolicy, null, null);
                                                      ^
    required: ImagePolicy,VideoPolicy,HtmlPolicy,ExcelPolicy,PdfPolicy
    found:    <null>,HtmlPolicy,<null>,<null>
    reason: actual and formal argument lists differ in length
  /Users/sangwon-ryu/fileflow/domain/src/test/java/com/ryuqq/fileflow/domain/policy/vo/FileTypePoliciesIntegrationTest.java:305: error: method of in class FileTypePolicies cannot be applied to given types;
          FileTypePolicies policies = FileTypePolicies.of(null, htmlPolicy, excelPolicy, null);
                                                      ^
    required: ImagePolicy,VideoPolicy,HtmlPolicy,ExcelPolicy,PdfPolicy
    found:    <null>,HtmlPolicy,ExcelPolicy,<null>
    reason: actual and formal argument lists differ in length
  /Users/sangwon-ryu/fileflow/domain/src/test/java/com/ryuqq/fileflow/domain/policy/vo/FileTypePoliciesIntegrationTest.java:323: error: method of in class FileTypePolicies cannot be applied to given types;
          FileTypePolicies policies = FileTypePolicies.of(null, htmlPolicy, null, null);
                                                      ^
    required: ImagePolicy,VideoPolicy,HtmlPolicy,ExcelPolicy,PdfPolicy
    found:    <null>,HtmlPolicy,<null>,<null>
    reason: actual and formal argument lists differ in length
  /Users/sangwon-ryu/fileflow/domain/src/test/java/com/ryuqq/fileflow/domain/policy/UploadPolicyTest.java:27: error: method of in class FileTypePolicies cannot be applied to given types;
          FileTypePolicies policies = FileTypePolicies.of(
                                                      ^
    required: ImagePolicy,VideoPolicy,HtmlPolicy,ExcelPolicy,PdfPolicy
    found:    ImagePolicy,<null>,<null>,<null>
    reason: actual and formal argument lists differ in length
  /Users/sangwon-ryu/fileflow/domain/src/test/java/com/ryuqq/fileflow/domain/policy/UploadPolicyTest.java:58: error: method of in class FileTypePolicies cannot be applied to given types;
          FileTypePolicies policies = FileTypePolicies.of(
                                                      ^
    required: ImagePolicy,VideoPolicy,HtmlPolicy,ExcelPolicy,PdfPolicy
    found:    ImagePolicy,<null>,<null>,<null>
    reason: actual and formal argument lists differ in length
  /Users/sangwon-ryu/fileflow/domain/src/test/java/com/ryuqq/fileflow/domain/policy/UploadPolicyTest.java:104: error: method of in class FileTypePolicies cannot be applied to given types;
          FileTypePolicies policies = FileTypePolicies.of(
                                                      ^
    required: ImagePolicy,VideoPolicy,HtmlPolicy,ExcelPolicy,PdfPolicy
    found:    ImagePolicy,<null>,<null>,<null>
    reason: actual and formal argument lists differ in length
  /Users/sangwon-ryu/fileflow/domain/src/test/java/com/ryuqq/fileflow/domain/policy/UploadPolicyTest.java:128: error: method of in class FileTypePolicies cannot be applied to given types;
          FileTypePolicies policies = FileTypePolicies.of(
                                                      ^
    required: ImagePolicy,VideoPolicy,HtmlPolicy,ExcelPolicy,PdfPolicy
    found:    ImagePolicy,<null>,<null>,<null>
    reason: actual and formal argument lists differ in length
  /Users/sangwon-ryu/fileflow/domain/src/test/java/com/ryuqq/fileflow/domain/policy/UploadPolicyTest.java:152: error: method of in class FileTypePolicies cannot be applied to given types;
          FileTypePolicies policies = FileTypePolicies.of(
                                                      ^
    required: ImagePolicy,VideoPolicy,HtmlPolicy,ExcelPolicy,PdfPolicy
    found:    ImagePolicy,<null>,<null>,<null>
    reason: actual and formal argument lists differ in length
  /Users/sangwon-ryu/fileflow/domain/src/test/java/com/ryuqq/fileflow/domain/policy/UploadPolicyTest.java:176: error: method of in class FileTypePolicies cannot be applied to given types;
          FileTypePolicies policies = FileTypePolicies.of(
                                                      ^
    required: ImagePolicy,VideoPolicy,HtmlPolicy,ExcelPolicy,PdfPolicy
    found:    ImagePolicy,<null>,<null>,<null>
    reason: actual and formal argument lists differ in length
  /Users/sangwon-ryu/fileflow/domain/src/test/java/com/ryuqq/fileflow/domain/policy/UploadPolicyTest.java:201: error: method of in class FileTypePolicies cannot be applied to given types;
          FileTypePolicies policies = FileTypePolicies.of(
                                                      ^
    required: ImagePolicy,VideoPolicy,HtmlPolicy,ExcelPolicy,PdfPolicy
    found:    ImagePolicy,<null>,<null>,<null>
    reason: actual and formal argument lists differ in length
  /Users/sangwon-ryu/fileflow/domain/src/test/java/com/ryuqq/fileflow/domain/policy/UploadPolicyTest.java:231: error: method of in class FileTypePolicies cannot be applied to given types;
          FileTypePolicies policies = FileTypePolicies.of(
                                                      ^
    required: ImagePolicy,VideoPolicy,HtmlPolicy,ExcelPolicy,PdfPolicy
    found:    ImagePolicy,<null>,<null>,<null>
    reason: actual and formal argument lists differ in length
  /Users/sangwon-ryu/fileflow/domain/src/test/java/com/ryuqq/fileflow/domain/policy/UploadPolicyTest.java:261: error: method of in class FileTypePolicies cannot be applied to given types;
          FileTypePolicies policies = FileTypePolicies.of(
                                                      ^
    required: ImagePolicy,VideoPolicy,HtmlPolicy,ExcelPolicy,PdfPolicy
    found:    ImagePolicy,<null>,<null>,<null>
    reason: actual and formal argument lists differ in length
  /Users/sangwon-ryu/fileflow/domain/src/test/java/com/ryuqq/fileflow/domain/policy/UploadPolicyTest.java:289: error: method of in class FileTypePolicies cannot be applied to given types;
          FileTypePolicies policies = FileTypePolicies.of(
                                                      ^
    required: ImagePolicy,VideoPolicy,HtmlPolicy,ExcelPolicy,PdfPolicy
    found:    ImagePolicy,<null>,<null>,<null>
    reason: actual and formal argument lists differ in length
  /Users/sangwon-ryu/fileflow/domain/src/test/java/com/ryuqq/fileflow/domain/policy/UploadPolicyTest.java:319: error: method of in class FileTypePolicies cannot be applied to given types;
          FileTypePolicies policies = FileTypePolicies.of(
                                                      ^
    required: ImagePolicy,VideoPolicy,HtmlPolicy,ExcelPolicy,PdfPolicy
    found:    ImagePolicy,<null>,<null>,<null>
    reason: actual and formal argument lists differ in length
  /Users/sangwon-ryu/fileflow/domain/src/test/java/com/ryuqq/fileflow/domain/policy/UploadPolicyTest.java:346: error: method of in class FileTypePolicies cannot be applied to given types;
          FileTypePolicies policies = FileTypePolicies.of(
                                                      ^
    required: ImagePolicy,VideoPolicy,HtmlPolicy,ExcelPolicy,PdfPolicy
    found:    ImagePolicy,<null>,<null>,<null>
    reason: actual and formal argument lists differ in length
  /Users/sangwon-ryu/fileflow/domain/src/test/java/com/ryuqq/fileflow/domain/policy/UploadPolicyTest.java:372: error: method of in class FileTypePolicies cannot be applied to given types;
          FileTypePolicies policies = FileTypePolicies.of(
                                                      ^
    required: ImagePolicy,VideoPolicy,HtmlPolicy,ExcelPolicy,PdfPolicy
    found:    ImagePolicy,<null>,<null>,<null>
    reason: actual and formal argument lists differ in length
  /Users/sangwon-ryu/fileflow/domain/src/test/java/com/ryuqq/fileflow/domain/policy/UploadPolicyTest.java:399: error: method of in class FileTypePolicies cannot be applied to given types;
          FileTypePolicies policies = FileTypePolicies.of(
                                                      ^
    required: ImagePolicy,VideoPolicy,HtmlPolicy,ExcelPolicy,PdfPolicy
    found:    ImagePolicy,<null>,<null>,<null>
    reason: actual and formal argument lists differ in length
  /Users/sangwon-ryu/fileflow/domain/src/test/java/com/ryuqq/fileflow/domain/policy/UploadPolicyTest.java:426: error: method of in class FileTypePolicies cannot be applied to given types;
          FileTypePolicies policies = FileTypePolicies.of(
                                                      ^
    required: ImagePolicy,VideoPolicy,HtmlPolicy,ExcelPolicy,PdfPolicy
    found:    ImagePolicy,<null>,<null>,<null>
    reason: actual and formal argument lists differ in length
  /Users/sangwon-ryu/fileflow/domain/src/test/java/com/ryuqq/fileflow/domain/policy/UploadPolicyTest.java:451: error: method of in class FileTypePolicies cannot be applied to given types;
          FileTypePolicies policies = FileTypePolicies.of(
                                                      ^
    required: ImagePolicy,VideoPolicy,HtmlPolicy,ExcelPolicy,PdfPolicy
    found:    ImagePolicy,<null>,<null>,<null>
    reason: actual and formal argument lists differ in length
  /Users/sangwon-ryu/fileflow/domain/src/test/java/com/ryuqq/fileflow/domain/policy/UploadPolicyTest.java:478: error: method of in class FileTypePolicies cannot be applied to given types;
          FileTypePolicies policies1 = FileTypePolicies.of(
                                                       ^
    required: ImagePolicy,VideoPolicy,HtmlPolicy,ExcelPolicy,PdfPolicy
    found:    ImagePolicy,<null>,<null>,<null>
    reason: actual and formal argument lists differ in length
  /Users/sangwon-ryu/fileflow/domain/src/test/java/com/ryuqq/fileflow/domain/policy/UploadPolicyTest.java:482: error: method of in class FileTypePolicies cannot be applied to given types;
          FileTypePolicies policies2 = FileTypePolicies.of(
                                                       ^
    required: ImagePolicy,VideoPolicy,HtmlPolicy,ExcelPolicy,PdfPolicy
    found:    <null>,HtmlPolicy,<null>,<null>
    reason: actual and formal argument lists differ in length
  /Users/sangwon-ryu/fileflow/domain/src/test/java/com/ryuqq/fileflow/domain/policy/UploadPolicyTest.java:506: error: method of in class FileTypePolicies cannot be applied to given types;
          FileTypePolicies policies = FileTypePolicies.of(
                                                      ^
    required: ImagePolicy,VideoPolicy,HtmlPolicy,ExcelPolicy,PdfPolicy
    found:    ImagePolicy,<null>,<null>,<null>
    reason: actual and formal argument lists differ in length
  /Users/sangwon-ryu/fileflow/domain/src/test/java/com/ryuqq/fileflow/domain/policy/UploadPolicyTest.java:530: error: method of in class FileTypePolicies cannot be applied to given types;
          FileTypePolicies policies = FileTypePolicies.of(
                                                      ^
    required: ImagePolicy,VideoPolicy,HtmlPolicy,ExcelPolicy,PdfPolicy
    found:    ImagePolicy,<null>,<null>,<null>
    reason: actual and formal argument lists differ in length
  /Users/sangwon-ryu/fileflow/domain/src/test/java/com/ryuqq/fileflow/domain/policy/UploadPolicyTest.java:554: error: method of in class FileTypePolicies cannot be applied to given types;
          FileTypePolicies policies = FileTypePolicies.of(
                                                      ^
    required: ImagePolicy,VideoPolicy,HtmlPolicy,ExcelPolicy,PdfPolicy
    found:    ImagePolicy,<null>,<null>,<null>
    reason: actual and formal argument lists differ in length
  /Users/sangwon-ryu/fileflow/domain/src/test/java/com/ryuqq/fileflow/domain/policy/UploadPolicyTest.java:586: error: method of in class FileTypePolicies cannot be applied to given types;
          FileTypePolicies policies = FileTypePolicies.of(
                                                      ^
    required: ImagePolicy,VideoPolicy,HtmlPolicy,ExcelPolicy,PdfPolicy
    found:    ImagePolicy,<null>,<null>,<null>
    reason: actual and formal argument lists differ in length
  /Users/sangwon-ryu/fileflow/domain/src/test/java/com/ryuqq/fileflow/domain/policy/UploadPolicyTest.java:611: error: method of in class FileTypePolicies cannot be applied to given types;
          FileTypePolicies policies = FileTypePolicies.of(
                                                      ^
    required: ImagePolicy,VideoPolicy,HtmlPolicy,ExcelPolicy,PdfPolicy
    found:    ImagePolicy,<null>,<null>,<null>
    reason: actual and formal argument lists differ in length
  /Users/sangwon-ryu/fileflow/domain/src/test/java/com/ryuqq/fileflow/domain/policy/UploadPolicyTest.java:636: error: method of in class FileTypePolicies cannot be applied to given types;
          FileTypePolicies policies = FileTypePolicies.of(
                                                      ^
    required: ImagePolicy,VideoPolicy,HtmlPolicy,ExcelPolicy,PdfPolicy
    found:    ImagePolicy,<null>,<null>,<null>
    reason: actual and formal argument lists differ in length
  /Users/sangwon-ryu/fileflow/domain/src/test/java/com/ryuqq/fileflow/domain/policy/UploadPolicyTest.java:661: error: method of in class FileTypePolicies cannot be applied to given types;
          FileTypePolicies oldPolicies = FileTypePolicies.of(
                                                         ^
    required: ImagePolicy,VideoPolicy,HtmlPolicy,ExcelPolicy,PdfPolicy
    found:    ImagePolicy,<null>,<null>,<null>
    reason: actual and formal argument lists differ in length
  /Users/sangwon-ryu/fileflow/domain/src/test/java/com/ryuqq/fileflow/domain/policy/UploadPolicyTest.java:665: error: method of in class FileTypePolicies cannot be applied to given types;
          FileTypePolicies newPolicies = FileTypePolicies.of(
                                                         ^
    required: ImagePolicy,VideoPolicy,HtmlPolicy,ExcelPolicy,PdfPolicy
    found:    <null>,HtmlPolicy,<null>,<null>
    reason: actual and formal argument lists differ in length
  /Users/sangwon-ryu/fileflow/domain/src/test/java/com/ryuqq/fileflow/domain/policy/UploadPolicyTest.java:696: error: method of in class FileTypePolicies cannot be applied to given types;
          FileTypePolicies policies = FileTypePolicies.of(
                                                      ^
    required: ImagePolicy,VideoPolicy,HtmlPolicy,ExcelPolicy,PdfPolicy
    found:    ImagePolicy,<null>,<null>,<null>
    reason: actual and formal argument lists differ in length
  /Users/sangwon-ryu/fileflow/domain/src/test/java/com/ryuqq/fileflow/domain/policy/UploadPolicyTest.java:723: error: method of in class FileTypePolicies cannot be applied to given types;
          FileTypePolicies policies = FileTypePolicies.of(
                                                      ^
    required: ImagePolicy,VideoPolicy,HtmlPolicy,ExcelPolicy,PdfPolicy
    found:    ImagePolicy,<null>,<null>,<null>
    reason: actual and formal argument lists differ in length
  /Users/sangwon-ryu/fileflow/domain/src/test/java/com/ryuqq/fileflow/domain/policy/UploadPolicyTest.java:750: error: method of in class FileTypePolicies cannot be applied to given types;
          FileTypePolicies policies = FileTypePolicies.of(
                                                      ^
    required: ImagePolicy,VideoPolicy,HtmlPolicy,ExcelPolicy,PdfPolicy
    found:    ImagePolicy,<null>,<null>,<null>
    reason: actual and formal argument lists differ in length
  /Users/sangwon-ryu/fileflow/domain/src/test/java/com/ryuqq/fileflow/domain/policy/UploadPolicyTest.java:777: error: method of in class FileTypePolicies cannot be applied to given types;
          FileTypePolicies policies = FileTypePolicies.of(
                                                      ^
    required: ImagePolicy,VideoPolicy,HtmlPolicy,ExcelPolicy,PdfPolicy
    found:    ImagePolicy,<null>,<null>,<null>
    reason: actual and formal argument lists differ in length
  /Users/sangwon-ryu/fileflow/domain/src/test/java/com/ryuqq/fileflow/domain/policy/UploadPolicyTest.java:804: error: method of in class FileTypePolicies cannot be applied to given types;
          FileTypePolicies policies = FileTypePolicies.of(
                                                      ^
    required: ImagePolicy,VideoPolicy,HtmlPolicy,ExcelPolicy,PdfPolicy
    found:    ImagePolicy,<null>,<null>,<null>
    reason: actual and formal argument lists differ in length
  /Users/sangwon-ryu/fileflow/domain/src/test/java/com/ryuqq/fileflow/domain/policy/UploadPolicyTest.java:829: error: method of in class FileTypePolicies cannot be applied to given types;
          FileTypePolicies policies = FileTypePolicies.of(
                                                      ^
    required: ImagePolicy,VideoPolicy,HtmlPolicy,ExcelPolicy,PdfPolicy
    found:    ImagePolicy,<null>,<null>,<null>
    reason: actual and formal argument lists differ in length
  /Users/sangwon-ryu/fileflow/domain/src/test/java/com/ryuqq/fileflow/domain/policy/UploadPolicyTest.java:856: error: method of in class FileTypePolicies cannot be applied to given types;
          FileTypePolicies policies = FileTypePolicies.of(
                                                      ^
    required: ImagePolicy,VideoPolicy,HtmlPolicy,ExcelPolicy,PdfPolicy
    found:    ImagePolicy,<null>,<null>,<null>
    reason: actual and formal argument lists differ in length
  /Users/sangwon-ryu/fileflow/domain/src/test/java/com/ryuqq/fileflow/domain/policy/UploadPolicyTest.java:883: error: method of in class FileTypePolicies cannot be applied to given types;
          FileTypePolicies policies = FileTypePolicies.of(
                                                      ^
    required: ImagePolicy,VideoPolicy,HtmlPolicy,ExcelPolicy,PdfPolicy
    found:    ImagePolicy,<null>,<null>,<null>
    reason: actual and formal argument lists differ in length
  61 errors

* Try:
> Check your code and dependencies to fix the compilation error(s)
> Run with --scan to get full insights.
==============================================================================

7: Task failed with an exception.
-----------
* What went wrong:
Execution failed for task ':adapter:adapter-in-rest-api:test'.
> There were failing tests. See the report at: file:///Users/sangwon-ryu/fileflow/adapter/adapter-in-rest-api/build/reports/tests/test/index.html

* Try:
> Run with --scan to get full insights.
==============================================================================

BUILD FAILED in 45s
33 actionable tasks: 7 executed, 26 up-to-date
